Starting project at C:\Users\Shaiel\Desktop\shaiel\boceto-1\tickets-App
Starting Metro Bundler
Waiting on http://localhost:8081
Logs for your project will appear below.
Starting project at C:\Users\Shaiel\Desktop\shaiel\boceto-1\tickets-App
Starting Metro Bundler
Waiting on http://localhost:8081
Logs for your project will appear below.
Starting project at C:\Users\Shaiel\Desktop\shaiel\boceto-1\tickets-App
Starting Metro Bundler
Networking has been disabled
Waiting on http://localhost:8081
Logs for your project will appear below.
Starting project at C:\Users\Shaiel\Desktop\shaiel\boceto-1\tickets-App
Starting Metro Bundler
Waiting on http://localhost:8081
Logs for your project will appear below.
Starting project at C:\Users\Shaiel\Desktop\shaiel\boceto-1\tickets-App
Starting Metro Bundler
Waiting on http://localhost:8081
Logs for your project will appear below.
Starting project at C:\Users\Shaiel\Desktop\shaiel\boceto-1\tickets-App
Starting Metro Bundler
Waiting on http://localhost:8081
Logs for your project will appear below.
Starting project at C:\Users\Shaiel\Desktop\shaiel\boceto-1\tickets-App
Starting Metro Bundler
Waiting on http://localhost:8081
Logs for your project will appear below.
