Attempting to bind to HOST environment variable: 0.0.0.0
If this was unintentional, check that you haven't mistakenly set it in your shell.
Learn more here: https://cra.link/advanced-config

[HPM] Proxy created: /  -> http://localhost:8000
[HPM] Proxy created: /  -> http://localhost:8000
[HPM] Proxy created: /  -> http://localhost:8000
Starting the development server...

Compiled successfully!

You can now view tickets-frontend in the browser.

  Local:            http://localhost:3000
  On Your Network:  http://192.168.3.171:3000

Note that the development build is not optimized.
To create a production build, use npm run build.

webpack compiled [1m[32msuccessfully[39m[22m
No issues found.
Attempting to bind to HOST environment variable: 0.0.0.0
If this was unintentional, check that you haven't mistakenly set it in your shell.
Learn more here: https://cra.link/advanced-config

[HPM] Proxy created: /  -> http://localhost:8000
[HPM] Proxy created: /  -> http://localhost:8000
[HPM] Proxy created: /  -> http://localhost:8000
Starting the development server...

Compiled successfully!

You can now view tickets-frontend in the browser.

  Local:            http://localhost:3000
  On Your Network:  http://192.168.100.88:3000

Note that the development build is not optimized.
To create a production build, use npm run build.

webpack compiled [1m[32msuccessfully[39m[22m
Files successfully emitted, waiting for typecheck results...
Issues checking in progress...
No issues found.
Attempting to bind to HOST environment variable: 0.0.0.0
If this was unintentional, check that you haven't mistakenly set it in your shell.
Learn more here: https://cra.link/advanced-config

[HPM] Proxy created: /  -> http://localhost:8000
[HPM] Proxy created: /  -> http://localhost:8000
[HPM] Proxy created: /  -> http://localhost:8000
Starting the development server...

Compiled successfully!

You can now view tickets-frontend in the browser.

  Local:            http://localhost:3000
  On Your Network:  http://192.168.3.171:3000

Note that the development build is not optimized.
To create a production build, use npm run build.

webpack compiled [1m[32msuccessfully[39m[22m
Files successfully emitted, waiting for typecheck results...
Issues checking in progress...
No issues found.
Attempting to bind to HOST environment variable: 0.0.0.0
If this was unintentional, check that you haven't mistakenly set it in your shell.
Learn more here: https://cra.link/advanced-config

[HPM] Proxy created: /  -> http://localhost:8000
[HPM] Proxy created: /  -> http://localhost:8000
[HPM] Proxy created: /  -> http://localhost:8000
Starting the development server...

Compiled successfully!

You can now view tickets-frontend in the browser.

  Local:            http://localhost:3000
  On Your Network:  http://192.168.3.171:3000

Note that the development build is not optimized.
To create a production build, use npm run build.

webpack compiled [1m[32msuccessfully[39m[22m
Files successfully emitted, waiting for typecheck results...
Issues checking in progress...
No issues found.
Attempting to bind to HOST environment variable: 0.0.0.0
If this was unintentional, check that you haven't mistakenly set it in your shell.
Learn more here: https://cra.link/advanced-config

[HPM] Proxy created: /  -> http://localhost:8000
[HPM] Proxy created: /  -> http://localhost:8000
[HPM] Proxy created: /  -> http://localhost:8000
Starting the development server...

Compiled successfully!

You can now view tickets-frontend in the browser.

  http://localhost:3000

Note that the development build is not optimized.
To create a production build, use npm run build.

webpack compiled [1m[32msuccessfully[39m[22m
Files successfully emitted, waiting for typecheck results...
Issues checking in progress...
No issues found.
Attempting to bind to HOST environment variable: 0.0.0.0
If this was unintentional, check that you haven't mistakenly set it in your shell.
Learn more here: https://cra.link/advanced-config

[HPM] Proxy created: /  -> http://localhost:8000
[HPM] Proxy created: /  -> http://localhost:8000
[HPM] Proxy created: /  -> http://localhost:8000
Starting the development server...

Compiled successfully!

You can now view tickets-frontend in the browser.

  Local:            http://localhost:3000
  On Your Network:  http://192.168.1.5:3000

Note that the development build is not optimized.
To create a production build, use npm run build.

webpack compiled [1m[32msuccessfully[39m[22m
Files successfully emitted, waiting for typecheck results...
Issues checking in progress...
No issues found.
Attempting to bind to HOST environment variable: 0.0.0.0
If this was unintentional, check that you haven't mistakenly set it in your shell.
Learn more here: https://cra.link/advanced-config

[HPM] Proxy created: /  -> http://localhost:8000
[HPM] Proxy created: /  -> http://localhost:8000
[HPM] Proxy created: /  -> http://localhost:8000
Starting the development server...

Compiled successfully!

You can now view tickets-frontend in the browser.

  Local:            http://localhost:3000
  On Your Network:  http://192.168.1.6:3000

Note that the development build is not optimized.
To create a production build, use npm run build.

webpack compiled [1m[32msuccessfully[39m[22m
Files successfully emitted, waiting for typecheck results...
Issues checking in progress...
Compiling...
Compiled successfully!
webpack compiled [1m[32msuccessfully[39m[22m
Files successfully emitted, waiting for typecheck results...
Issues checking in progress...
No issues found.
Attempting to bind to HOST environment variable: 0.0.0.0
If this was unintentional, check that you haven't mistakenly set it in your shell.
Learn more here: https://cra.link/advanced-config

[HPM] Proxy created: /  -> http://localhost:8000
[HPM] Proxy created: /  -> http://localhost:8000
[HPM] Proxy created: /  -> http://localhost:8000
Starting the development server...

Compiled successfully!

You can now view tickets-frontend in the browser.

  Local:            http://localhost:3000
  On Your Network:  http://192.168.1.6:3000

Note that the development build is not optimized.
To create a production build, use npm run build.

webpack compiled [1m[32msuccessfully[39m[22m
Files successfully emitted, waiting for typecheck results...
Issues checking in progress...
No issues found.
Attempting to bind to HOST environment variable: 0.0.0.0
If this was unintentional, check that you haven't mistakenly set it in your shell.
Learn more here: https://cra.link/advanced-config

[HPM] Proxy created: /  -> http://localhost:8000
[HPM] Proxy created: /  -> http://localhost:8000
[HPM] Proxy created: /  -> http://localhost:8000
Starting the development server...

Compiled successfully!

You can now view tickets-frontend in the browser.

  Local:            http://localhost:3000
  On Your Network:  http://192.168.1.6:3000

Note that the development build is not optimized.
To create a production build, use npm run build.

webpack compiled [1m[32msuccessfully[39m[22m
Files successfully emitted, waiting for typecheck results...
Issues checking in progress...
No issues found.
