[28-May-2026 17:03:49 Europe/Berlin] JWT signature invalid
[28-May-2026 17:03:49 Europe/Berlin] JWT signature invalid
[28-May-2026 17:03:52 Europe/Berlin] JWT signature invalid
[28-May-2026 17:03:52 Europe/Berlin] JWT signature invalid
[28-May-2026 17:04:28 Europe/Berlin] JWT signature invalid
[28-May-2026 17:04:28 Europe/Berlin] JWT signature invalid
[28-May-2026 17:04:32 Europe/Berlin] JWT signature invalid
[28-May-2026 17:04:32 Europe/Berlin] JWT signature invalid
[28-May-2026 17:07:24 Europe/Berlin] JWT signature invalid
[28-May-2026 17:07:27 Europe/Berlin] JWT signature invalid
[28-May-2026 17:07:53 Europe/Berlin] JWT signature invalid
[28-May-2026 17:09:02 Europe/Berlin] Authenticated user: {"iat":1779980942,"exp":1811516942,"sub":1,"email":"admin@alcaldia.gob","role_id":1,"role":"Admin"}
[28-May-2026 11:09:02 America/Caracas] Database connection established successfully
[28-May-2026 17:09:02 Europe/Berlin] Authenticated user: {"iat":1779980942,"exp":1811516942,"sub":1,"email":"admin@alcaldia.gob","role_id":1,"role":"Admin"}
[28-May-2026 11:09:02 America/Caracas] Database connection established successfully
[28-May-2026 17:14:00 Europe/Berlin] Authenticated user: {"iat":1779980629,"exp":1811516629,"sub":1,"email":"admin@alcaldia.gob","role_id":1,"role":"Admin"}
[28-May-2026 11:14:00 America/Caracas] Database connection established successfully
[28-May-2026 17:14:00 Europe/Berlin] Authenticated user: {"iat":1779980629,"exp":1811516629,"sub":1,"email":"admin@alcaldia.gob","role_id":1,"role":"Admin"}
[28-May-2026 11:14:00 America/Caracas] Database connection established successfully
[28-May-2026 17:15:17 Europe/Berlin] Authenticated user: {"iat":1779981316,"exp":1811517316,"sub":1,"email":"admin@alcaldia.gob","role_id":1,"role":"Admin"}
[28-May-2026 11:15:17 America/Caracas] Database connection established successfully
[28-May-2026 17:17:54 Europe/Berlin] Authenticated user: {"iat":1779980629,"exp":1811516629,"sub":1,"email":"admin@alcaldia.gob","role_id":1,"role":"Admin"}
[28-May-2026 11:17:54 America/Caracas] Database connection established successfully
[28-May-2026 17:17:54 Europe/Berlin] Authenticated user: {"iat":1779980629,"exp":1811516629,"sub":1,"email":"admin@alcaldia.gob","role_id":1,"role":"Admin"}
[28-May-2026 11:17:54 America/Caracas] Database connection established successfully
[28-May-2026 17:17:55 Europe/Berlin] Authenticated user: {"iat":1779980629,"exp":1811516629,"sub":1,"email":"admin@alcaldia.gob","role_id":1,"role":"Admin"}
[28-May-2026 11:17:55 America/Caracas] Database connection established successfully
[28-May-2026 17:17:55 Europe/Berlin] Authenticated user: {"iat":1779980629,"exp":1811516629,"sub":1,"email":"admin@alcaldia.gob","role_id":1,"role":"Admin"}
[28-May-2026 11:17:55 America/Caracas] Database connection established successfully
[28-May-2026 17:18:08 Europe/Berlin] Authenticated user: {"iat":1779980629,"exp":1811516629,"sub":1,"email":"admin@alcaldia.gob","role_id":1,"role":"Admin"}
[28-May-2026 11:18:08 America/Caracas] Database connection established successfully
[28-May-2026 17:18:08 Europe/Berlin] Authenticated user: {"iat":1779980629,"exp":1811516629,"sub":1,"email":"admin@alcaldia.gob","role_id":1,"role":"Admin"}
[28-May-2026 11:18:08 America/Caracas] Database connection established successfully
[28-May-2026 17:18:16 Europe/Berlin] Authenticated user: {"iat":1779980629,"exp":1811516629,"sub":1,"email":"admin@alcaldia.gob","role_id":1,"role":"Admin"}
[28-May-2026 11:18:16 America/Caracas] Database connection established successfully
[28-May-2026 17:18:16 Europe/Berlin] Authenticated user: {"iat":1779980629,"exp":1811516629,"sub":1,"email":"admin@alcaldia.gob","role_id":1,"role":"Admin"}
[28-May-2026 11:18:16 America/Caracas] Database connection established successfully
[28-May-2026 17:18:27 Europe/Berlin] Authenticated user: {"iat":1779980629,"exp":1811516629,"sub":1,"email":"admin@alcaldia.gob","role_id":1,"role":"Admin"}
[28-May-2026 11:18:27 America/Caracas] Database connection established successfully
[28-May-2026 17:18:27 Europe/Berlin] Authenticated user: {"iat":1779980629,"exp":1811516629,"sub":1,"email":"admin@alcaldia.gob","role_id":1,"role":"Admin"}
[28-May-2026 11:18:27 America/Caracas] Database connection established successfully
[28-May-2026 17:22:36 Europe/Berlin] Authenticated user: {"iat":1779980629,"exp":1811516629,"sub":1,"email":"admin@alcaldia.gob","role_id":1,"role":"Admin"}
[28-May-2026 11:22:36 America/Caracas] Database connection established successfully
[28-May-2026 17:22:36 Europe/Berlin] Authenticated user: {"iat":1779980629,"exp":1811516629,"sub":1,"email":"admin@alcaldia.gob","role_id":1,"role":"Admin"}
[28-May-2026 11:22:36 America/Caracas] Database connection established successfully
[28-May-2026 17:28:14 Europe/Berlin] Authenticated user: {"iat":1779980629,"exp":1811516629,"sub":1,"email":"admin@alcaldia.gob","role_id":1,"role":"Admin"}
[28-May-2026 11:28:14 America/Caracas] Database connection established successfully
[28-May-2026 17:28:14 Europe/Berlin] Authenticated user: {"iat":1779980629,"exp":1811516629,"sub":1,"email":"admin@alcaldia.gob","role_id":1,"role":"Admin"}
[28-May-2026 11:28:14 America/Caracas] Database connection established successfully
[28-May-2026 17:28:36 Europe/Berlin] Authenticated user: {"iat":1779980629,"exp":1811516629,"sub":1,"email":"admin@alcaldia.gob","role_id":1,"role":"Admin"}
[28-May-2026 11:28:36 America/Caracas] Database connection established successfully
[28-May-2026 17:28:36 Europe/Berlin] Authenticated user: {"iat":1779980629,"exp":1811516629,"sub":1,"email":"admin@alcaldia.gob","role_id":1,"role":"Admin"}
[28-May-2026 11:28:36 America/Caracas] Database connection established successfully
[28-May-2026 17:37:32 Europe/Berlin] Authenticated user: {"iat":1779980629,"exp":1811516629,"sub":1,"email":"admin@alcaldia.gob","role_id":1,"role":"Admin"}
[28-May-2026 11:37:32 America/Caracas] Database connection established successfully
[28-May-2026 17:37:32 Europe/Berlin] Authenticated user: {"iat":1779980629,"exp":1811516629,"sub":1,"email":"admin@alcaldia.gob","role_id":1,"role":"Admin"}
[28-May-2026 11:37:32 America/Caracas] Database connection established successfully
[28-May-2026 17:38:20 Europe/Berlin] Authenticated user: {"iat":1779980629,"exp":1811516629,"sub":1,"email":"admin@alcaldia.gob","role_id":1,"role":"Admin"}
[28-May-2026 11:38:20 America/Caracas] Database connection established successfully
[28-May-2026 17:38:20 Europe/Berlin] Authenticated user: {"iat":1779980629,"exp":1811516629,"sub":1,"email":"admin@alcaldia.gob","role_id":1,"role":"Admin"}
[28-May-2026 11:38:20 America/Caracas] Database connection established successfully
[28-May-2026 17:45:38 Europe/Berlin] Authenticated user: {"iat":1779980629,"exp":1811516629,"sub":1,"email":"admin@alcaldia.gob","role_id":1,"role":"Admin"}
[28-May-2026 11:45:38 America/Caracas] Database connection established successfully
[28-May-2026 17:45:38 Europe/Berlin] Authenticated user: {"iat":1779980629,"exp":1811516629,"sub":1,"email":"admin@alcaldia.gob","role_id":1,"role":"Admin"}
[28-May-2026 11:45:38 America/Caracas] Database connection established successfully
[28-May-2026 17:47:53 Europe/Berlin] Authenticated user: {"iat":1779980629,"exp":1811516629,"sub":1,"email":"admin@alcaldia.gob","role_id":1,"role":"Admin"}
[28-May-2026 11:47:53 America/Caracas] Database connection established successfully
[28-May-2026 17:47:53 Europe/Berlin] Authenticated user: {"iat":1779980629,"exp":1811516629,"sub":1,"email":"admin@alcaldia.gob","role_id":1,"role":"Admin"}
[28-May-2026 11:47:53 America/Caracas] Database connection established successfully
[28-May-2026 17:48:14 Europe/Berlin] Authenticated user: {"iat":1779980629,"exp":1811516629,"sub":1,"email":"admin@alcaldia.gob","role_id":1,"role":"Admin"}
[28-May-2026 11:48:14 America/Caracas] Database connection established successfully
[28-May-2026 17:48:14 Europe/Berlin] Authenticated user: {"iat":1779980629,"exp":1811516629,"sub":1,"email":"admin@alcaldia.gob","role_id":1,"role":"Admin"}
[28-May-2026 11:48:14 America/Caracas] Database connection established successfully
[28-May-2026 17:48:33 Europe/Berlin] Authenticated user: {"iat":1779980629,"exp":1811516629,"sub":1,"email":"admin@alcaldia.gob","role_id":1,"role":"Admin"}
[28-May-2026 11:48:33 America/Caracas] Database connection established successfully
[28-May-2026 17:48:33 Europe/Berlin] Authenticated user: {"iat":1779980629,"exp":1811516629,"sub":1,"email":"admin@alcaldia.gob","role_id":1,"role":"Admin"}
[28-May-2026 11:48:33 America/Caracas] Database connection established successfully
[28-May-2026 17:49:02 Europe/Berlin] Authenticated user: {"iat":1779980629,"exp":1811516629,"sub":1,"email":"admin@alcaldia.gob","role_id":1,"role":"Admin"}
[28-May-2026 11:49:02 America/Caracas] Database connection established successfully
[28-May-2026 17:49:02 Europe/Berlin] Authenticated user: {"iat":1779980629,"exp":1811516629,"sub":1,"email":"admin@alcaldia.gob","role_id":1,"role":"Admin"}
[28-May-2026 11:49:02 America/Caracas] Database connection established successfully
[28-May-2026 17:49:38 Europe/Berlin] Authenticated user: {"iat":1779980629,"exp":1811516629,"sub":1,"email":"admin@alcaldia.gob","role_id":1,"role":"Admin"}
[28-May-2026 11:49:38 America/Caracas] Database connection established successfully
[28-May-2026 17:49:38 Europe/Berlin] Authenticated user: {"iat":1779980629,"exp":1811516629,"sub":1,"email":"admin@alcaldia.gob","role_id":1,"role":"Admin"}
[28-May-2026 11:49:38 America/Caracas] Database connection established successfully
[28-May-2026 17:50:06 Europe/Berlin] Authenticated user: {"iat":1779980629,"exp":1811516629,"sub":1,"email":"admin@alcaldia.gob","role_id":1,"role":"Admin"}
[28-May-2026 11:50:06 America/Caracas] Database connection established successfully
[28-May-2026 17:50:06 Europe/Berlin] Authenticated user: {"iat":1779980629,"exp":1811516629,"sub":1,"email":"admin@alcaldia.gob","role_id":1,"role":"Admin"}
[28-May-2026 11:50:06 America/Caracas] Database connection established successfully
[28-May-2026 17:50:20 Europe/Berlin] Authenticated user: {"iat":1779980629,"exp":1811516629,"sub":1,"email":"admin@alcaldia.gob","role_id":1,"role":"Admin"}
[28-May-2026 11:50:20 America/Caracas] Database connection established successfully
[28-May-2026 17:50:20 Europe/Berlin] Authenticated user: {"iat":1779980629,"exp":1811516629,"sub":1,"email":"admin@alcaldia.gob","role_id":1,"role":"Admin"}
[28-May-2026 11:50:20 America/Caracas] Database connection established successfully
[28-May-2026 19:31:05 Europe/Berlin] Authenticated user: {"iat":1779980629,"exp":1811516629,"sub":1,"email":"admin@alcaldia.gob","role_id":1,"role":"Admin"}
[28-May-2026 13:31:05 America/Caracas] Database connection established successfully
[28-May-2026 19:31:05 Europe/Berlin] Authenticated user: {"iat":1779980629,"exp":1811516629,"sub":1,"email":"admin@alcaldia.gob","role_id":1,"role":"Admin"}
[28-May-2026 13:31:05 America/Caracas] Database connection established successfully
[28-May-2026 19:36:28 Europe/Berlin] Authenticated user: {"iat":1779980629,"exp":1811516629,"sub":1,"email":"admin@alcaldia.gob","role_id":1,"role":"Admin"}
[28-May-2026 13:36:28 America/Caracas] Database connection established successfully
[28-May-2026 19:36:28 Europe/Berlin] Authenticated user: {"iat":1779980629,"exp":1811516629,"sub":1,"email":"admin@alcaldia.gob","role_id":1,"role":"Admin"}
[28-May-2026 13:36:28 America/Caracas] Database connection established successfully
[28-May-2026 19:39:56 Europe/Berlin] Authenticated user: {"iat":1779980629,"exp":1811516629,"sub":1,"email":"admin@alcaldia.gob","role_id":1,"role":"Admin"}
[28-May-2026 13:39:56 America/Caracas] Database connection established successfully
[28-May-2026 19:39:56 Europe/Berlin] Authenticated user: {"iat":1779980629,"exp":1811516629,"sub":1,"email":"admin@alcaldia.gob","role_id":1,"role":"Admin"}
[28-May-2026 13:39:56 America/Caracas] Database connection established successfully
[28-May-2026 19:40:09 Europe/Berlin] Authenticated user: {"iat":1779980629,"exp":1811516629,"sub":1,"email":"admin@alcaldia.gob","role_id":1,"role":"Admin"}
[28-May-2026 13:40:09 America/Caracas] Database connection established successfully
[28-May-2026 19:40:09 Europe/Berlin] Authenticated user: {"iat":1779980629,"exp":1811516629,"sub":1,"email":"admin@alcaldia.gob","role_id":1,"role":"Admin"}
[28-May-2026 13:40:09 America/Caracas] Database connection established successfully
[28-May-2026 19:40:42 Europe/Berlin] Authenticated user: {"iat":1779990041,"exp":1811526041,"sub":1,"email":"admin@alcaldia.gob","role_id":1,"role":"Admin"}
[28-May-2026 13:40:42 America/Caracas] Database connection established successfully
[28-May-2026 19:40:42 Europe/Berlin] Authenticated user: {"iat":1779990041,"exp":1811526041,"sub":1,"email":"admin@alcaldia.gob","role_id":1,"role":"Admin"}
[28-May-2026 13:40:42 America/Caracas] Database connection established successfully
[29-May-2026 15:01:27 Europe/Berlin] Authenticated user: {"iat":1780059686,"exp":1811595686,"sub":1,"email":"admin@alcaldia.gob","role_id":1,"role":"Admin"}
[29-May-2026 09:01:27 America/Caracas] Database connection established successfully
[29-May-2026 16:40:59 Europe/Berlin] Authenticated user: {"iat":1779990041,"exp":1811526041,"sub":1,"email":"admin@alcaldia.gob","role_id":1,"role":"Admin"}
[29-May-2026 10:40:59 America/Caracas] Database connection established successfully
[29-May-2026 16:40:59 Europe/Berlin] Authenticated user: {"iat":1779990041,"exp":1811526041,"sub":1,"email":"admin@alcaldia.gob","role_id":1,"role":"Admin"}
[29-May-2026 10:40:59 America/Caracas] Database connection established successfully
[29-May-2026 17:33:45 Europe/Berlin] Authenticated user: {"iat":1780068824,"exp":1811604824,"sub":1,"email":"admin@alcaldia.gob","role_id":1,"role":"Admin"}
[29-May-2026 11:33:45 America/Caracas] Database connection established successfully
[29-May-2026 17:33:45 Europe/Berlin] Authenticated user: {"iat":1780068824,"exp":1811604824,"sub":1,"email":"admin@alcaldia.gob","role_id":1,"role":"Admin"}
[29-May-2026 11:33:45 America/Caracas] Database connection established successfully
[29-May-2026 17:39:19 Europe/Berlin] Authenticated user: {"iat":1780068824,"exp":1811604824,"sub":1,"email":"admin@alcaldia.gob","role_id":1,"role":"Admin"}
[29-May-2026 11:39:19 America/Caracas] Database connection established successfully
[29-May-2026 17:39:19 Europe/Berlin] Authenticated user: {"iat":1780068824,"exp":1811604824,"sub":1,"email":"admin@alcaldia.gob","role_id":1,"role":"Admin"}
[29-May-2026 11:39:19 America/Caracas] Database connection established successfully
[29-May-2026 17:39:30 Europe/Berlin] Authenticated user: {"iat":1780068824,"exp":1811604824,"sub":1,"email":"admin@alcaldia.gob","role_id":1,"role":"Admin"}
[29-May-2026 11:39:30 America/Caracas] Database connection established successfully
[29-May-2026 17:39:30 Europe/Berlin] Authenticated user: {"iat":1780068824,"exp":1811604824,"sub":1,"email":"admin@alcaldia.gob","role_id":1,"role":"Admin"}
[29-May-2026 11:39:30 America/Caracas] Database connection established successfully
[29-May-2026 17:43:06 Europe/Berlin] Authenticated user: {"iat":1780068824,"exp":1811604824,"sub":1,"email":"admin@alcaldia.gob","role_id":1,"role":"Admin"}
[29-May-2026 11:43:06 America/Caracas] Database connection established successfully
[29-May-2026 17:43:06 Europe/Berlin] Authenticated user: {"iat":1780068824,"exp":1811604824,"sub":1,"email":"admin@alcaldia.gob","role_id":1,"role":"Admin"}
[29-May-2026 11:43:06 America/Caracas] Database connection established successfully
[01-Jun-2026 14:33:41 Europe/Berlin] Authenticated user: {"iat":1780317221,"exp":1811853221,"sub":1,"email":"admin@alcaldia.gob","role_id":1,"role":"Admin"}
[01-Jun-2026 08:33:41 America/Caracas] Database connection established successfully
[01-Jun-2026 14:33:41 Europe/Berlin] Authenticated user: {"iat":1780317221,"exp":1811853221,"sub":1,"email":"admin@alcaldia.gob","role_id":1,"role":"Admin"}
[01-Jun-2026 08:33:41 America/Caracas] Database connection established successfully
[01-Jun-2026 14:38:49 Europe/Berlin] Authenticated user: {"iat":1780317221,"exp":1811853221,"sub":1,"email":"admin@alcaldia.gob","role_id":1,"role":"Admin"}
[01-Jun-2026 08:38:49 America/Caracas] Database connection established successfully
[01-Jun-2026 14:38:49 Europe/Berlin] Authenticated user: {"iat":1780317221,"exp":1811853221,"sub":1,"email":"admin@alcaldia.gob","role_id":1,"role":"Admin"}
[01-Jun-2026 08:38:49 America/Caracas] Database connection established successfully
[01-Jun-2026 14:41:36 Europe/Berlin] Authenticated user: {"iat":1780317221,"exp":1811853221,"sub":1,"email":"admin@alcaldia.gob","role_id":1,"role":"Admin"}
[01-Jun-2026 08:41:36 America/Caracas] Database connection established successfully
[01-Jun-2026 14:41:36 Europe/Berlin] Authenticated user: {"iat":1780317221,"exp":1811853221,"sub":1,"email":"admin@alcaldia.gob","role_id":1,"role":"Admin"}
[01-Jun-2026 08:41:36 America/Caracas] Database connection established successfully
[01-Jun-2026 14:47:45 Europe/Berlin] Authenticated user: {"iat":1780317221,"exp":1811853221,"sub":1,"email":"admin@alcaldia.gob","role_id":1,"role":"Admin"}
[01-Jun-2026 08:47:45 America/Caracas] Database connection established successfully
[01-Jun-2026 14:47:45 Europe/Berlin] Authenticated user: {"iat":1780317221,"exp":1811853221,"sub":1,"email":"admin@alcaldia.gob","role_id":1,"role":"Admin"}
[01-Jun-2026 08:47:45 America/Caracas] Database connection established successfully
[01-Jun-2026 14:50:02 Europe/Berlin] Authenticated user: {"iat":1780317221,"exp":1811853221,"sub":1,"email":"admin@alcaldia.gob","role_id":1,"role":"Admin"}
[01-Jun-2026 08:50:02 America/Caracas] Database connection established successfully
[01-Jun-2026 14:50:02 Europe/Berlin] Authenticated user: {"iat":1780317221,"exp":1811853221,"sub":1,"email":"admin@alcaldia.gob","role_id":1,"role":"Admin"}
[01-Jun-2026 08:50:02 America/Caracas] Database connection established successfully
[01-Jun-2026 14:52:32 Europe/Berlin] Authenticated user: {"iat":1780318352,"exp":1811854352,"sub":1,"email":"admin@alcaldia.gob","role_id":1,"role":"Admin"}
[01-Jun-2026 08:52:32 America/Caracas] Database connection established successfully
[01-Jun-2026 14:52:32 Europe/Berlin] Authenticated user: {"iat":1780318352,"exp":1811854352,"sub":1,"email":"admin@alcaldia.gob","role_id":1,"role":"Admin"}
[01-Jun-2026 08:52:32 America/Caracas] Database connection established successfully
[01-Jun-2026 14:53:15 Europe/Berlin] Authenticated user: {"iat":1780318352,"exp":1811854352,"sub":1,"email":"admin@alcaldia.gob","role_id":1,"role":"Admin"}
[01-Jun-2026 08:53:15 America/Caracas] Database connection established successfully
[01-Jun-2026 14:53:16 Europe/Berlin] Authenticated user: {"iat":1780318352,"exp":1811854352,"sub":1,"email":"admin@alcaldia.gob","role_id":1,"role":"Admin"}
[01-Jun-2026 08:53:16 America/Caracas] Database connection established successfully
[01-Jun-2026 14:53:29 Europe/Berlin] Authenticated user: {"iat":1780318352,"exp":1811854352,"sub":1,"email":"admin@alcaldia.gob","role_id":1,"role":"Admin"}
[01-Jun-2026 08:53:29 America/Caracas] Database connection established successfully
[01-Jun-2026 14:53:29 Europe/Berlin] Authenticated user: {"iat":1780318352,"exp":1811854352,"sub":1,"email":"admin@alcaldia.gob","role_id":1,"role":"Admin"}
[01-Jun-2026 08:53:29 America/Caracas] Database connection established successfully
[01-Jun-2026 14:55:14 Europe/Berlin] Authenticated user: {"iat":1780318352,"exp":1811854352,"sub":1,"email":"admin@alcaldia.gob","role_id":1,"role":"Admin"}
[01-Jun-2026 08:55:14 America/Caracas] Database connection established successfully
[01-Jun-2026 14:55:14 Europe/Berlin] Authenticated user: {"iat":1780318352,"exp":1811854352,"sub":1,"email":"admin@alcaldia.gob","role_id":1,"role":"Admin"}
[01-Jun-2026 08:55:14 America/Caracas] Database connection established successfully
[01-Jun-2026 15:02:42 Europe/Berlin] Authenticated user: {"iat":1780318352,"exp":1811854352,"sub":1,"email":"admin@alcaldia.gob","role_id":1,"role":"Admin"}
[01-Jun-2026 09:02:42 America/Caracas] Database connection established successfully
[01-Jun-2026 15:02:42 Europe/Berlin] Authenticated user: {"iat":1780318352,"exp":1811854352,"sub":1,"email":"admin@alcaldia.gob","role_id":1,"role":"Admin"}
[01-Jun-2026 09:02:42 America/Caracas] Database connection established successfully
[01-Jun-2026 15:08:06 Europe/Berlin] Authenticated user: {"iat":1780318352,"exp":1811854352,"sub":1,"email":"admin@alcaldia.gob","role_id":1,"role":"Admin"}
[01-Jun-2026 09:08:06 America/Caracas] Database connection established successfully
[01-Jun-2026 15:08:06 Europe/Berlin] Authenticated user: {"iat":1780318352,"exp":1811854352,"sub":1,"email":"admin@alcaldia.gob","role_id":1,"role":"Admin"}
[01-Jun-2026 09:08:06 America/Caracas] Database connection established successfully
[01-Jun-2026 15:08:25 Europe/Berlin] Authenticated user: {"iat":1780318352,"exp":1811854352,"sub":1,"email":"admin@alcaldia.gob","role_id":1,"role":"Admin"}
[01-Jun-2026 09:08:25 America/Caracas] Database connection established successfully
[01-Jun-2026 15:08:25 Europe/Berlin] Authenticated user: {"iat":1780318352,"exp":1811854352,"sub":1,"email":"admin@alcaldia.gob","role_id":1,"role":"Admin"}
[01-Jun-2026 09:08:25 America/Caracas] Database connection established successfully
[01-Jun-2026 15:22:22 Europe/Berlin] Authenticated user: {"iat":1780318352,"exp":1811854352,"sub":1,"email":"admin@alcaldia.gob","role_id":1,"role":"Admin"}
[01-Jun-2026 09:22:22 America/Caracas] Database connection established successfully
[01-Jun-2026 15:22:22 Europe/Berlin] Authenticated user: {"iat":1780318352,"exp":1811854352,"sub":1,"email":"admin@alcaldia.gob","role_id":1,"role":"Admin"}
[01-Jun-2026 09:22:22 America/Caracas] Database connection established successfully
[01-Jun-2026 15:23:06 Europe/Berlin] Authenticated user: {"iat":1780320186,"exp":1811856186,"sub":1,"email":"admin@alcaldia.gob","role_id":1,"role":"Admin"}
[01-Jun-2026 09:23:06 America/Caracas] Database connection established successfully
[01-Jun-2026 15:23:06 Europe/Berlin] Authenticated user: {"iat":1780320186,"exp":1811856186,"sub":1,"email":"admin@alcaldia.gob","role_id":1,"role":"Admin"}
[01-Jun-2026 09:23:06 America/Caracas] Database connection established successfully
[01-Jun-2026 15:53:14 Europe/Berlin] Authenticated user: {"iat":1780321994,"exp":1811857994,"sub":1,"email":"admin@alcaldia.gob","role_id":1,"role":"Admin"}
[01-Jun-2026 09:53:15 America/Caracas] Database connection established successfully
[01-Jun-2026 15:53:15 Europe/Berlin] Authenticated user: {"iat":1780321994,"exp":1811857994,"sub":1,"email":"admin@alcaldia.gob","role_id":1,"role":"Admin"}
[01-Jun-2026 09:53:15 America/Caracas] Database connection established successfully
[01-Jun-2026 16:06:31 Europe/Berlin] Authenticated user: {"iat":1780322790,"exp":1811858790,"sub":1,"email":"admin@alcaldia.gob","role_id":1,"role":"Admin"}
[01-Jun-2026 10:06:31 America/Caracas] Database connection established successfully
[01-Jun-2026 16:06:32 Europe/Berlin] Authenticated user: {"iat":1780322790,"exp":1811858790,"sub":1,"email":"admin@alcaldia.gob","role_id":1,"role":"Admin"}
[01-Jun-2026 10:06:32 America/Caracas] Database connection established successfully
[01-Jun-2026 16:08:50 Europe/Berlin] Authenticated user: {"iat":1780322930,"exp":1811858930,"sub":1,"email":"admin@alcaldia.gob","role_id":1,"role":"Admin"}
[01-Jun-2026 10:08:50 America/Caracas] Database connection established successfully
[01-Jun-2026 16:08:50 Europe/Berlin] Authenticated user: {"iat":1780322930,"exp":1811858930,"sub":1,"email":"admin@alcaldia.gob","role_id":1,"role":"Admin"}
[01-Jun-2026 10:08:50 America/Caracas] Database connection established successfully
[01-Jun-2026 16:31:41 Europe/Berlin] Authenticated user: {"iat":1780324301,"exp":1811860301,"sub":1,"email":"admin@alcaldia.gob","role_id":1,"role":"Admin"}
[01-Jun-2026 10:31:41 America/Caracas] Database connection established successfully
[01-Jun-2026 16:31:41 Europe/Berlin] Authenticated user: {"iat":1780324301,"exp":1811860301,"sub":1,"email":"admin@alcaldia.gob","role_id":1,"role":"Admin"}
[01-Jun-2026 10:31:41 America/Caracas] Database connection established successfully
[01-Jun-2026 16:42:29 Europe/Berlin] Authenticated user: {"iat":1780324948,"exp":1811860948,"sub":1,"email":"admin@alcaldia.gob","role_id":1,"role":"Admin"}
[01-Jun-2026 10:42:29 America/Caracas] Database connection established successfully
[01-Jun-2026 16:42:29 Europe/Berlin] Authenticated user: {"iat":1780324948,"exp":1811860948,"sub":1,"email":"admin@alcaldia.gob","role_id":1,"role":"Admin"}
[01-Jun-2026 10:42:29 America/Caracas] Database connection established successfully
[01-Jun-2026 16:43:25 Europe/Berlin] Authenticated user: {"iat":1780324948,"exp":1811860948,"sub":1,"email":"admin@alcaldia.gob","role_id":1,"role":"Admin"}
[01-Jun-2026 10:43:25 America/Caracas] Database connection established successfully
[01-Jun-2026 16:43:25 Europe/Berlin] Authenticated user: {"iat":1780324948,"exp":1811860948,"sub":1,"email":"admin@alcaldia.gob","role_id":1,"role":"Admin"}
[01-Jun-2026 10:43:25 America/Caracas] Database connection established successfully
[01-Jun-2026 17:16:27 Europe/Berlin] Authenticated user: {"iat":1780326986,"exp":1811862986,"sub":1,"email":"admin@alcaldia.gob","role_id":1,"role":"Admin"}
[01-Jun-2026 11:16:27 America/Caracas] Database connection established successfully
[01-Jun-2026 17:16:27 Europe/Berlin] Authenticated user: {"iat":1780326986,"exp":1811862986,"sub":1,"email":"admin@alcaldia.gob","role_id":1,"role":"Admin"}
[01-Jun-2026 11:16:27 America/Caracas] Database connection established successfully
[01-Jun-2026 17:16:30 Europe/Berlin] Authenticated user: {"iat":1780326986,"exp":1811862986,"sub":1,"email":"admin@alcaldia.gob","role_id":1,"role":"Admin"}
[01-Jun-2026 11:16:31 America/Caracas] Database connection established successfully
[01-Jun-2026 17:16:31 Europe/Berlin] Authenticated user: {"iat":1780326986,"exp":1811862986,"sub":1,"email":"admin@alcaldia.gob","role_id":1,"role":"Admin"}
[01-Jun-2026 11:16:31 America/Caracas] Database connection established successfully
[01-Jun-2026 17:52:24 Europe/Berlin] Authenticated user: {"iat":1780329144,"exp":1811865144,"sub":1,"email":"admin@alcaldia.gob","role_id":1,"role":"Admin"}
[01-Jun-2026 11:52:24 America/Caracas] Database connection established successfully
[01-Jun-2026 17:52:24 Europe/Berlin] Authenticated user: {"iat":1780329144,"exp":1811865144,"sub":1,"email":"admin@alcaldia.gob","role_id":1,"role":"Admin"}
[01-Jun-2026 11:52:24 America/Caracas] Database connection established successfully
[01-Jun-2026 18:27:07 Europe/Berlin] Authenticated user: {"iat":1780329144,"exp":1811865144,"sub":1,"email":"admin@alcaldia.gob","role_id":1,"role":"Admin"}
[01-Jun-2026 12:27:07 America/Caracas] Database connection established successfully
[01-Jun-2026 18:27:07 Europe/Berlin] Authenticated user: {"iat":1780329144,"exp":1811865144,"sub":1,"email":"admin@alcaldia.gob","role_id":1,"role":"Admin"}
[01-Jun-2026 12:27:07 America/Caracas] Database connection established successfully
[01-Jun-2026 18:27:24 Europe/Berlin] Authenticated user: {"iat":1780329144,"exp":1811865144,"sub":1,"email":"admin@alcaldia.gob","role_id":1,"role":"Admin"}
[01-Jun-2026 12:27:24 America/Caracas] Database connection established successfully
[01-Jun-2026 18:27:24 Europe/Berlin] Authenticated user: {"iat":1780329144,"exp":1811865144,"sub":1,"email":"admin@alcaldia.gob","role_id":1,"role":"Admin"}
[01-Jun-2026 12:27:24 America/Caracas] Database connection established successfully
[01-Jun-2026 18:33:46 Europe/Berlin] Authenticated user: {"iat":1780331625,"exp":1811867625,"sub":1,"email":"admin@alcaldia.gob","role_id":1,"role":"Admin"}
[01-Jun-2026 12:33:46 America/Caracas] Database connection established successfully
[01-Jun-2026 18:33:46 Europe/Berlin] Authenticated user: {"iat":1780331625,"exp":1811867625,"sub":1,"email":"admin@alcaldia.gob","role_id":1,"role":"Admin"}
[01-Jun-2026 12:33:46 America/Caracas] Database connection established successfully
[01-Jun-2026 19:09:00 Europe/Berlin] Authenticated user: {"iat":1780331625,"exp":1811867625,"sub":1,"email":"admin@alcaldia.gob","role_id":1,"role":"Admin"}
[01-Jun-2026 13:09:00 America/Caracas] Database connection established successfully
[01-Jun-2026 19:09:01 Europe/Berlin] Authenticated user: {"iat":1780331625,"exp":1811867625,"sub":1,"email":"admin@alcaldia.gob","role_id":1,"role":"Admin"}
[01-Jun-2026 13:09:01 America/Caracas] Database connection established successfully
[01-Jun-2026 19:09:03 Europe/Berlin] Authenticated user: {"iat":1780331625,"exp":1811867625,"sub":1,"email":"admin@alcaldia.gob","role_id":1,"role":"Admin"}
[01-Jun-2026 13:09:03 America/Caracas] Database connection established successfully
[01-Jun-2026 19:09:03 Europe/Berlin] Authenticated user: {"iat":1780331625,"exp":1811867625,"sub":1,"email":"admin@alcaldia.gob","role_id":1,"role":"Admin"}
[01-Jun-2026 13:09:03 America/Caracas] Database connection established successfully
[01-Jun-2026 19:17:32 Europe/Berlin] Authenticated user: {"iat":1780334251,"exp":1811870251,"sub":1,"email":"admin@alcaldia.gob","role_id":1,"role":"Admin"}
[01-Jun-2026 13:17:32 America/Caracas] Database connection established successfully
[01-Jun-2026 19:17:32 Europe/Berlin] Authenticated user: {"iat":1780334251,"exp":1811870251,"sub":1,"email":"admin@alcaldia.gob","role_id":1,"role":"Admin"}
[01-Jun-2026 13:17:32 America/Caracas] Database connection established successfully
[01-Jun-2026 19:18:07 Europe/Berlin] Authenticated user: {"iat":1780334251,"exp":1811870251,"sub":1,"email":"admin@alcaldia.gob","role_id":1,"role":"Admin"}
[01-Jun-2026 13:18:07 America/Caracas] Database connection established successfully
[01-Jun-2026 19:18:07 Europe/Berlin] Authenticated user: {"iat":1780334251,"exp":1811870251,"sub":1,"email":"admin@alcaldia.gob","role_id":1,"role":"Admin"}
[01-Jun-2026 13:18:07 America/Caracas] Database connection established successfully
[01-Jun-2026 19:18:19 Europe/Berlin] Authenticated user: {"iat":1780334251,"exp":1811870251,"sub":1,"email":"admin@alcaldia.gob","role_id":1,"role":"Admin"}
[01-Jun-2026 13:18:19 America/Caracas] Database connection established successfully
[01-Jun-2026 19:18:19 Europe/Berlin] Authenticated user: {"iat":1780334251,"exp":1811870251,"sub":1,"email":"admin@alcaldia.gob","role_id":1,"role":"Admin"}
[01-Jun-2026 13:18:19 America/Caracas] Database connection established successfully
[01-Jun-2026 19:18:51 Europe/Berlin] Authenticated user: {"iat":1780334331,"exp":1811870331,"sub":1,"email":"admin@alcaldia.gob","role_id":1,"role":"Admin"}
[01-Jun-2026 13:18:51 America/Caracas] Database connection established successfully
[01-Jun-2026 19:18:51 Europe/Berlin] Authenticated user: {"iat":1780334331,"exp":1811870331,"sub":1,"email":"admin@alcaldia.gob","role_id":1,"role":"Admin"}
[01-Jun-2026 13:18:51 America/Caracas] Database connection established successfully
[01-Jun-2026 19:19:28 Europe/Berlin] Authenticated user: {"iat":1780334331,"exp":1811870331,"sub":1,"email":"admin@alcaldia.gob","role_id":1,"role":"Admin"}
[01-Jun-2026 13:19:28 America/Caracas] Database connection established successfully
[01-Jun-2026 19:19:28 Europe/Berlin] Authenticated user: {"iat":1780334331,"exp":1811870331,"sub":1,"email":"admin@alcaldia.gob","role_id":1,"role":"Admin"}
[01-Jun-2026 13:19:28 America/Caracas] Database connection established successfully
[01-Jun-2026 19:19:37 Europe/Berlin] Authenticated user: {"iat":1780334376,"exp":1811870376,"sub":1,"email":"admin@alcaldia.gob","role_id":1,"role":"Admin"}
[01-Jun-2026 13:19:37 America/Caracas] Database connection established successfully
[01-Jun-2026 19:19:37 Europe/Berlin] Authenticated user: {"iat":1780334376,"exp":1811870376,"sub":1,"email":"admin@alcaldia.gob","role_id":1,"role":"Admin"}
[01-Jun-2026 13:19:37 America/Caracas] Database connection established successfully
[01-Jun-2026 19:21:23 Europe/Berlin] Authenticated user: {"iat":1780334376,"exp":1811870376,"sub":1,"email":"admin@alcaldia.gob","role_id":1,"role":"Admin"}
[01-Jun-2026 13:21:23 America/Caracas] Database connection established successfully
[01-Jun-2026 19:21:23 Europe/Berlin] Authenticated user: {"iat":1780334376,"exp":1811870376,"sub":1,"email":"admin@alcaldia.gob","role_id":1,"role":"Admin"}
[01-Jun-2026 13:21:23 America/Caracas] Database connection established successfully
[01-Jun-2026 19:22:13 Europe/Berlin] Authenticated user: {"iat":1780334532,"exp":1811870532,"sub":1,"email":"admin@alcaldia.gob","role_id":1,"role":"Admin"}
[01-Jun-2026 13:22:13 America/Caracas] Database connection established successfully
[01-Jun-2026 19:22:13 Europe/Berlin] Authenticated user: {"iat":1780334532,"exp":1811870532,"sub":1,"email":"admin@alcaldia.gob","role_id":1,"role":"Admin"}
[01-Jun-2026 13:22:13 America/Caracas] Database connection established successfully
[01-Jun-2026 19:31:36 Europe/Berlin] Authenticated user: {"iat":1780335096,"exp":1811871096,"sub":1,"email":"admin@alcaldia.gob","role_id":1,"role":"Admin"}
[01-Jun-2026 13:31:36 America/Caracas] Database connection established successfully
[01-Jun-2026 19:31:36 Europe/Berlin] Authenticated user: {"iat":1780335096,"exp":1811871096,"sub":1,"email":"admin@alcaldia.gob","role_id":1,"role":"Admin"}
[01-Jun-2026 13:31:36 America/Caracas] Database connection established successfully
[02-Jun-2026 14:20:15 Europe/Berlin] Authenticated user: {"iat":1780402815,"exp":1811938815,"sub":1,"email":"admin@alcaldia.gob","role_id":1,"role":"Admin"}
[02-Jun-2026 08:20:15 America/Caracas] Database connection established successfully
[02-Jun-2026 14:20:15 Europe/Berlin] Authenticated user: {"iat":1780402815,"exp":1811938815,"sub":1,"email":"admin@alcaldia.gob","role_id":1,"role":"Admin"}
[02-Jun-2026 08:20:15 America/Caracas] Database connection established successfully
[02-Jun-2026 14:27:27 Europe/Berlin] Authenticated user: {"iat":1780403247,"exp":1811939247,"sub":1,"email":"admin@alcaldia.gob","role_id":1,"role":"Admin"}
[02-Jun-2026 08:27:27 America/Caracas] Database connection established successfully
[02-Jun-2026 14:27:27 Europe/Berlin] Authenticated user: {"iat":1780403247,"exp":1811939247,"sub":1,"email":"admin@alcaldia.gob","role_id":1,"role":"Admin"}
[02-Jun-2026 08:27:27 America/Caracas] Database connection established successfully
[02-Jun-2026 14:29:27 Europe/Berlin] Authenticated user: {"iat":1780403247,"exp":1811939247,"sub":1,"email":"admin@alcaldia.gob","role_id":1,"role":"Admin"}
[02-Jun-2026 08:29:27 America/Caracas] Database connection established successfully
[02-Jun-2026 14:29:27 Europe/Berlin] Authenticated user: {"iat":1780403247,"exp":1811939247,"sub":1,"email":"admin@alcaldia.gob","role_id":1,"role":"Admin"}
[02-Jun-2026 08:29:27 America/Caracas] Database connection established successfully
[02-Jun-2026 14:29:40 Europe/Berlin] Authenticated user: {"iat":1780403247,"exp":1811939247,"sub":1,"email":"admin@alcaldia.gob","role_id":1,"role":"Admin"}
[02-Jun-2026 08:29:40 America/Caracas] Database connection established successfully
[02-Jun-2026 14:29:40 Europe/Berlin] Authenticated user: {"iat":1780403247,"exp":1811939247,"sub":1,"email":"admin@alcaldia.gob","role_id":1,"role":"Admin"}
[02-Jun-2026 08:29:40 America/Caracas] Database connection established successfully
[02-Jun-2026 14:31:40 Europe/Berlin] Authenticated user: {"iat":1780403247,"exp":1811939247,"sub":1,"email":"admin@alcaldia.gob","role_id":1,"role":"Admin"}
[02-Jun-2026 08:31:40 America/Caracas] Database connection established successfully
[02-Jun-2026 14:31:40 Europe/Berlin] Authenticated user: {"iat":1780403247,"exp":1811939247,"sub":1,"email":"admin@alcaldia.gob","role_id":1,"role":"Admin"}
[02-Jun-2026 08:31:40 America/Caracas] Database connection established successfully
[02-Jun-2026 14:43:53 Europe/Berlin] Authenticated user: {"iat":1780404232,"exp":1811940232,"sub":1,"email":"admin@alcaldia.gob","role_id":1,"role":"Admin"}
[02-Jun-2026 08:43:53 America/Caracas] Database connection established successfully
[02-Jun-2026 14:43:53 Europe/Berlin] Authenticated user: {"iat":1780404232,"exp":1811940232,"sub":1,"email":"admin@alcaldia.gob","role_id":1,"role":"Admin"}
[02-Jun-2026 08:43:53 America/Caracas] Database connection established successfully
[02-Jun-2026 14:43:53 Europe/Berlin] Authenticated user: {"iat":1780404232,"exp":1811940232,"sub":1,"email":"admin@alcaldia.gob","role_id":1,"role":"Admin"}
[02-Jun-2026 08:43:53 America/Caracas] Database connection established successfully
[02-Jun-2026 14:43:54 Europe/Berlin] Authenticated user: {"iat":1780404232,"exp":1811940232,"sub":1,"email":"admin@alcaldia.gob","role_id":1,"role":"Admin"}
[02-Jun-2026 08:43:54 America/Caracas] Database connection established successfully
[02-Jun-2026 14:43:57 Europe/Berlin] Authenticated user: {"iat":1780404232,"exp":1811940232,"sub":1,"email":"admin@alcaldia.gob","role_id":1,"role":"Admin"}
[02-Jun-2026 08:43:57 America/Caracas] Database connection established successfully
[02-Jun-2026 14:43:57 Europe/Berlin] Authenticated user: {"iat":1780404232,"exp":1811940232,"sub":1,"email":"admin@alcaldia.gob","role_id":1,"role":"Admin"}
[02-Jun-2026 08:43:57 America/Caracas] Database connection established successfully
[02-Jun-2026 14:44:14 Europe/Berlin] Authenticated user: {"iat":1780404232,"exp":1811940232,"sub":1,"email":"admin@alcaldia.gob","role_id":1,"role":"Admin"}
[02-Jun-2026 08:44:14 America/Caracas] Database connection established successfully
[02-Jun-2026 14:44:15 Europe/Berlin] Authenticated user: {"iat":1780404232,"exp":1811940232,"sub":1,"email":"admin@alcaldia.gob","role_id":1,"role":"Admin"}
[02-Jun-2026 08:44:15 America/Caracas] Database connection established successfully
[02-Jun-2026 14:46:40 Europe/Berlin] Authenticated user: {"iat":1780404232,"exp":1811940232,"sub":1,"email":"admin@alcaldia.gob","role_id":1,"role":"Admin"}
[02-Jun-2026 08:46:40 America/Caracas] Database connection established successfully
[02-Jun-2026 14:46:40 Europe/Berlin] Authenticated user: {"iat":1780404232,"exp":1811940232,"sub":1,"email":"admin@alcaldia.gob","role_id":1,"role":"Admin"}
[02-Jun-2026 08:46:40 America/Caracas] Database connection established successfully
[02-Jun-2026 14:46:48 Europe/Berlin] Authenticated user: {"iat":1780404232,"exp":1811940232,"sub":1,"email":"admin@alcaldia.gob","role_id":1,"role":"Admin"}
[02-Jun-2026 08:46:48 America/Caracas] Database connection established successfully
[02-Jun-2026 14:46:48 Europe/Berlin] Authenticated user: {"iat":1780404232,"exp":1811940232,"sub":1,"email":"admin@alcaldia.gob","role_id":1,"role":"Admin"}
[02-Jun-2026 08:46:48 America/Caracas] Database connection established successfully
[02-Jun-2026 15:08:20 Europe/Berlin] Authenticated user: {"iat":1780405699,"exp":1811941699,"sub":1,"email":"admin@alcaldia.gob","role_id":1,"role":"Admin"}
[02-Jun-2026 09:08:20 America/Caracas] Database connection established successfully
[02-Jun-2026 15:08:20 Europe/Berlin] Authenticated user: {"iat":1780405699,"exp":1811941699,"sub":1,"email":"admin@alcaldia.gob","role_id":1,"role":"Admin"}
[02-Jun-2026 09:08:20 America/Caracas] Database connection established successfully
[02-Jun-2026 15:08:20 Europe/Berlin] Authenticated user: {"iat":1780405699,"exp":1811941699,"sub":1,"email":"admin@alcaldia.gob","role_id":1,"role":"Admin"}
[02-Jun-2026 09:08:20 America/Caracas] Database connection established successfully
[02-Jun-2026 15:08:20 Europe/Berlin] Authenticated user: {"iat":1780405699,"exp":1811941699,"sub":1,"email":"admin@alcaldia.gob","role_id":1,"role":"Admin"}
[02-Jun-2026 09:08:20 America/Caracas] Database connection established successfully
[02-Jun-2026 15:08:38 Europe/Berlin] Authenticated user: {"iat":1780405699,"exp":1811941699,"sub":1,"email":"admin@alcaldia.gob","role_id":1,"role":"Admin"}
[02-Jun-2026 09:08:38 America/Caracas] Database connection established successfully
[02-Jun-2026 15:08:38 Europe/Berlin] Authenticated user: {"iat":1780405699,"exp":1811941699,"sub":1,"email":"admin@alcaldia.gob","role_id":1,"role":"Admin"}
[02-Jun-2026 09:08:38 America/Caracas] Database connection established successfully
[03-Jun-2026 16:25:37 Europe/Berlin] Authenticated user: {"iat":1780496736,"exp":1812032736,"sub":1,"email":"admin@alcaldia.gob","role_id":1,"role":"Admin"}
[03-Jun-2026 10:25:37 America/Caracas] Database connection established successfully
[03-Jun-2026 16:25:37 Europe/Berlin] Authenticated user: {"iat":1780496736,"exp":1812032736,"sub":1,"email":"admin@alcaldia.gob","role_id":1,"role":"Admin"}
[03-Jun-2026 10:25:37 America/Caracas] Database connection established successfully
[03-Jun-2026 16:25:37 Europe/Berlin] Authenticated user: {"iat":1780496736,"exp":1812032736,"sub":1,"email":"admin@alcaldia.gob","role_id":1,"role":"Admin"}
[03-Jun-2026 10:25:37 America/Caracas] Database connection established successfully
[03-Jun-2026 16:25:37 Europe/Berlin] Authenticated user: {"iat":1780496736,"exp":1812032736,"sub":1,"email":"admin@alcaldia.gob","role_id":1,"role":"Admin"}
[03-Jun-2026 10:25:37 America/Caracas] Database connection established successfully
[03-Jun-2026 16:28:25 Europe/Berlin] Authenticated user: {"iat":1780496736,"exp":1812032736,"sub":1,"email":"admin@alcaldia.gob","role_id":1,"role":"Admin"}
[03-Jun-2026 10:28:25 America/Caracas] Database connection established successfully
[03-Jun-2026 16:28:26 Europe/Berlin] Authenticated user: {"iat":1780496736,"exp":1812032736,"sub":1,"email":"admin@alcaldia.gob","role_id":1,"role":"Admin"}
[03-Jun-2026 10:28:26 America/Caracas] Database connection established successfully
[03-Jun-2026 16:28:26 Europe/Berlin] Authenticated user: {"iat":1780496736,"exp":1812032736,"sub":1,"email":"admin@alcaldia.gob","role_id":1,"role":"Admin"}
[03-Jun-2026 10:28:26 America/Caracas] Database connection established successfully
[03-Jun-2026 16:28:26 Europe/Berlin] Authenticated user: {"iat":1780496736,"exp":1812032736,"sub":1,"email":"admin@alcaldia.gob","role_id":1,"role":"Admin"}
[03-Jun-2026 10:28:26 America/Caracas] Database connection established successfully
[03-Jun-2026 16:28:51 Europe/Berlin] Authenticated user: {"iat":1780496736,"exp":1812032736,"sub":1,"email":"admin@alcaldia.gob","role_id":1,"role":"Admin"}
[03-Jun-2026 10:28:51 America/Caracas] Database connection established successfully
[03-Jun-2026 16:28:51 Europe/Berlin] Authenticated user: {"iat":1780496736,"exp":1812032736,"sub":1,"email":"admin@alcaldia.gob","role_id":1,"role":"Admin"}
[03-Jun-2026 10:28:51 America/Caracas] Database connection established successfully
[03-Jun-2026 16:28:52 Europe/Berlin] Authenticated user: {"iat":1780496736,"exp":1812032736,"sub":1,"email":"admin@alcaldia.gob","role_id":1,"role":"Admin"}
[03-Jun-2026 10:28:52 America/Caracas] Database connection established successfully
[03-Jun-2026 16:28:52 Europe/Berlin] Authenticated user: {"iat":1780496736,"exp":1812032736,"sub":1,"email":"admin@alcaldia.gob","role_id":1,"role":"Admin"}
[03-Jun-2026 10:28:52 America/Caracas] Database connection established successfully
[03-Jun-2026 16:31:03 Europe/Berlin] Authenticated user: {"iat":1780496736,"exp":1812032736,"sub":1,"email":"admin@alcaldia.gob","role_id":1,"role":"Admin"}
[03-Jun-2026 10:31:03 America/Caracas] Database connection established successfully
[03-Jun-2026 16:31:04 Europe/Berlin] Authenticated user: {"iat":1780496736,"exp":1812032736,"sub":1,"email":"admin@alcaldia.gob","role_id":1,"role":"Admin"}
[03-Jun-2026 10:31:04 America/Caracas] Database connection established successfully
[03-Jun-2026 16:31:04 Europe/Berlin] Authenticated user: {"iat":1780496736,"exp":1812032736,"sub":1,"email":"admin@alcaldia.gob","role_id":1,"role":"Admin"}
[03-Jun-2026 10:31:04 America/Caracas] Database connection established successfully
[03-Jun-2026 16:31:04 Europe/Berlin] Authenticated user: {"iat":1780496736,"exp":1812032736,"sub":1,"email":"admin@alcaldia.gob","role_id":1,"role":"Admin"}
[03-Jun-2026 10:31:04 America/Caracas] Database connection established successfully
[03-Jun-2026 16:31:34 Europe/Berlin] Authenticated user: {"iat":1780496736,"exp":1812032736,"sub":1,"email":"admin@alcaldia.gob","role_id":1,"role":"Admin"}
[03-Jun-2026 10:31:34 America/Caracas] Database connection established successfully
[03-Jun-2026 16:31:35 Europe/Berlin] Authenticated user: {"iat":1780496736,"exp":1812032736,"sub":1,"email":"admin@alcaldia.gob","role_id":1,"role":"Admin"}
[03-Jun-2026 10:31:35 America/Caracas] Database connection established successfully
[03-Jun-2026 16:31:56 Europe/Berlin] Authenticated user: {"iat":1780496736,"exp":1812032736,"sub":1,"email":"admin@alcaldia.gob","role_id":1,"role":"Admin"}
[03-Jun-2026 10:31:56 America/Caracas] Database connection established successfully
[03-Jun-2026 16:31:56 Europe/Berlin] Authenticated user: {"iat":1780496736,"exp":1812032736,"sub":1,"email":"admin@alcaldia.gob","role_id":1,"role":"Admin"}
[03-Jun-2026 10:31:56 America/Caracas] Database connection established successfully
[03-Jun-2026 16:32:00 Europe/Berlin] Authenticated user: {"iat":1780496736,"exp":1812032736,"sub":1,"email":"admin@alcaldia.gob","role_id":1,"role":"Admin"}
[03-Jun-2026 10:32:00 America/Caracas] Database connection established successfully
[03-Jun-2026 16:32:01 Europe/Berlin] Authenticated user: {"iat":1780496736,"exp":1812032736,"sub":1,"email":"admin@alcaldia.gob","role_id":1,"role":"Admin"}
[03-Jun-2026 10:32:01 America/Caracas] Database connection established successfully
[03-Jun-2026 16:38:38 Europe/Berlin] Authenticated user: {"iat":1780496736,"exp":1812032736,"sub":1,"email":"admin@alcaldia.gob","role_id":1,"role":"Admin"}
[03-Jun-2026 10:38:38 America/Caracas] Database connection established successfully
[03-Jun-2026 16:38:38 Europe/Berlin] Authenticated user: {"iat":1780496736,"exp":1812032736,"sub":1,"email":"admin@alcaldia.gob","role_id":1,"role":"Admin"}
[03-Jun-2026 10:38:38 America/Caracas] Database connection established successfully
[03-Jun-2026 16:44:30 Europe/Berlin] Authenticated user: {"iat":1780496736,"exp":1812032736,"sub":1,"email":"admin@alcaldia.gob","role_id":1,"role":"Admin"}
[03-Jun-2026 10:44:30 America/Caracas] Database connection established successfully
[03-Jun-2026 16:44:30 Europe/Berlin] Authenticated user: {"iat":1780496736,"exp":1812032736,"sub":1,"email":"admin@alcaldia.gob","role_id":1,"role":"Admin"}
[03-Jun-2026 10:44:30 America/Caracas] Database connection established successfully
[03-Jun-2026 16:44:30 Europe/Berlin] Authenticated user: {"iat":1780496736,"exp":1812032736,"sub":1,"email":"admin@alcaldia.gob","role_id":1,"role":"Admin"}
[03-Jun-2026 10:44:30 America/Caracas] Database connection established successfully
[03-Jun-2026 16:44:30 Europe/Berlin] Authenticated user: {"iat":1780496736,"exp":1812032736,"sub":1,"email":"admin@alcaldia.gob","role_id":1,"role":"Admin"}
[03-Jun-2026 10:44:30 America/Caracas] Database connection established successfully
[03-Jun-2026 19:47:42 Europe/Berlin] Authenticated user: {"iat":1780508862,"exp":1812044862,"sub":1,"email":"admin@alcaldia.gob","role_id":1,"role":"Admin"}
[03-Jun-2026 13:47:42 America/Caracas] Database connection established successfully
[03-Jun-2026 19:47:42 Europe/Berlin] Authenticated user: {"iat":1780508862,"exp":1812044862,"sub":1,"email":"admin@alcaldia.gob","role_id":1,"role":"Admin"}
[03-Jun-2026 13:47:42 America/Caracas] Database connection established successfully
[03-Jun-2026 19:47:42 Europe/Berlin] Authenticated user: {"iat":1780508862,"exp":1812044862,"sub":1,"email":"admin@alcaldia.gob","role_id":1,"role":"Admin"}
[03-Jun-2026 13:47:42 America/Caracas] Database connection established successfully
[03-Jun-2026 19:47:42 Europe/Berlin] Authenticated user: {"iat":1780508862,"exp":1812044862,"sub":1,"email":"admin@alcaldia.gob","role_id":1,"role":"Admin"}
[03-Jun-2026 13:47:42 America/Caracas] Database connection established successfully
[03-Jun-2026 19:48:10 Europe/Berlin] Authenticated user: {"iat":1780508862,"exp":1812044862,"sub":1,"email":"admin@alcaldia.gob","role_id":1,"role":"Admin"}
[03-Jun-2026 13:48:10 America/Caracas] Database connection established successfully
[03-Jun-2026 19:48:10 Europe/Berlin] Authenticated user: {"iat":1780508862,"exp":1812044862,"sub":1,"email":"admin@alcaldia.gob","role_id":1,"role":"Admin"}
[03-Jun-2026 13:48:10 America/Caracas] Database connection established successfully
[03-Jun-2026 19:48:49 Europe/Berlin] Authenticated user: {"iat":1780508862,"exp":1812044862,"sub":1,"email":"admin@alcaldia.gob","role_id":1,"role":"Admin"}
[03-Jun-2026 13:48:49 America/Caracas] Database connection established successfully
[03-Jun-2026 19:48:49 Europe/Berlin] Authenticated user: {"iat":1780508862,"exp":1812044862,"sub":1,"email":"admin@alcaldia.gob","role_id":1,"role":"Admin"}
[03-Jun-2026 13:48:49 America/Caracas] Database connection established successfully
[04-Jun-2026 15:13:03 Europe/Berlin] Authenticated user: {"iat":1780578782,"exp":1812114782,"sub":1,"email":"admin@alcaldia.gob","role_id":1,"role":"Admin"}
[04-Jun-2026 09:13:03 America/Caracas] Database connection established successfully
[04-Jun-2026 15:13:03 Europe/Berlin] Authenticated user: {"iat":1780578782,"exp":1812114782,"sub":1,"email":"admin@alcaldia.gob","role_id":1,"role":"Admin"}
[04-Jun-2026 09:13:03 America/Caracas] Database connection established successfully
[04-Jun-2026 15:13:03 Europe/Berlin] Authenticated user: {"iat":1780578782,"exp":1812114782,"sub":1,"email":"admin@alcaldia.gob","role_id":1,"role":"Admin"}
[04-Jun-2026 09:13:03 America/Caracas] Database connection established successfully
[04-Jun-2026 15:13:03 Europe/Berlin] Authenticated user: {"iat":1780578782,"exp":1812114782,"sub":1,"email":"admin@alcaldia.gob","role_id":1,"role":"Admin"}
[04-Jun-2026 09:13:03 America/Caracas] Database connection established successfully
[04-Jun-2026 15:24:57 Europe/Berlin] Authenticated user: {"iat":1780578782,"exp":1812114782,"sub":1,"email":"admin@alcaldia.gob","role_id":1,"role":"Admin"}
[04-Jun-2026 09:24:57 America/Caracas] Database connection established successfully
[04-Jun-2026 15:24:57 Europe/Berlin] Authenticated user: {"iat":1780578782,"exp":1812114782,"sub":1,"email":"admin@alcaldia.gob","role_id":1,"role":"Admin"}
[04-Jun-2026 09:24:57 America/Caracas] Database connection established successfully
[04-Jun-2026 15:25:00 Europe/Berlin] Authenticated user: {"iat":1780578782,"exp":1812114782,"sub":1,"email":"admin@alcaldia.gob","role_id":1,"role":"Admin"}
[04-Jun-2026 09:25:00 America/Caracas] Database connection established successfully
[04-Jun-2026 15:25:00 Europe/Berlin] Authenticated user: {"iat":1780578782,"exp":1812114782,"sub":1,"email":"admin@alcaldia.gob","role_id":1,"role":"Admin"}
[04-Jun-2026 09:25:00 America/Caracas] Database connection established successfully
[04-Jun-2026 15:25:02 Europe/Berlin] Authenticated user: {"iat":1780578782,"exp":1812114782,"sub":1,"email":"admin@alcaldia.gob","role_id":1,"role":"Admin"}
[04-Jun-2026 09:25:02 America/Caracas] Database connection established successfully
[04-Jun-2026 15:25:02 Europe/Berlin] Authenticated user: {"iat":1780578782,"exp":1812114782,"sub":1,"email":"admin@alcaldia.gob","role_id":1,"role":"Admin"}
[04-Jun-2026 09:25:02 America/Caracas] Database connection established successfully
[04-Jun-2026 15:25:03 Europe/Berlin] Authenticated user: {"iat":1780578782,"exp":1812114782,"sub":1,"email":"admin@alcaldia.gob","role_id":1,"role":"Admin"}
[04-Jun-2026 09:25:03 America/Caracas] Database connection established successfully
[04-Jun-2026 15:25:03 Europe/Berlin] Authenticated user: {"iat":1780578782,"exp":1812114782,"sub":1,"email":"admin@alcaldia.gob","role_id":1,"role":"Admin"}
[04-Jun-2026 09:25:03 America/Caracas] Database connection established successfully
[04-Jun-2026 15:25:39 Europe/Berlin] Authenticated user: {"iat":1780579539,"exp":1812115539,"sub":1,"email":"admin@alcaldia.gob","role_id":1,"role":"Admin"}
[04-Jun-2026 09:25:39 America/Caracas] Database connection established successfully
[04-Jun-2026 15:25:39 Europe/Berlin] Authenticated user: {"iat":1780579539,"exp":1812115539,"sub":1,"email":"admin@alcaldia.gob","role_id":1,"role":"Admin"}
[04-Jun-2026 09:25:39 America/Caracas] Database connection established successfully
[04-Jun-2026 15:25:40 Europe/Berlin] Authenticated user: {"iat":1780579539,"exp":1812115539,"sub":1,"email":"admin@alcaldia.gob","role_id":1,"role":"Admin"}
[04-Jun-2026 09:25:40 America/Caracas] Database connection established successfully
[04-Jun-2026 15:25:40 Europe/Berlin] Authenticated user: {"iat":1780579539,"exp":1812115539,"sub":1,"email":"admin@alcaldia.gob","role_id":1,"role":"Admin"}
[04-Jun-2026 09:25:40 America/Caracas] Database connection established successfully
[04-Jun-2026 15:25:50 Europe/Berlin] Authenticated user: {"iat":1780579539,"exp":1812115539,"sub":1,"email":"admin@alcaldia.gob","role_id":1,"role":"Admin"}
[04-Jun-2026 09:25:50 America/Caracas] Database connection established successfully
[04-Jun-2026 15:25:50 Europe/Berlin] Authenticated user: {"iat":1780579539,"exp":1812115539,"sub":1,"email":"admin@alcaldia.gob","role_id":1,"role":"Admin"}
[04-Jun-2026 09:25:50 America/Caracas] Database connection established successfully
[04-Jun-2026 15:56:06 Europe/Berlin] Authenticated user: {"iat":1780581366,"exp":1812117366,"sub":1,"email":"admin@alcaldia.gob","role_id":1,"role":"Admin"}
[04-Jun-2026 09:56:06 America/Caracas] Database connection established successfully
[04-Jun-2026 15:56:06 Europe/Berlin] Authenticated user: {"iat":1780581366,"exp":1812117366,"sub":1,"email":"admin@alcaldia.gob","role_id":1,"role":"Admin"}
[04-Jun-2026 09:56:06 America/Caracas] Database connection established successfully
[04-Jun-2026 15:56:07 Europe/Berlin] Authenticated user: {"iat":1780581366,"exp":1812117366,"sub":1,"email":"admin@alcaldia.gob","role_id":1,"role":"Admin"}
[04-Jun-2026 09:56:07 America/Caracas] Database connection established successfully
[04-Jun-2026 15:56:07 Europe/Berlin] Authenticated user: {"iat":1780581366,"exp":1812117366,"sub":1,"email":"admin@alcaldia.gob","role_id":1,"role":"Admin"}
[04-Jun-2026 09:56:07 America/Caracas] Database connection established successfully
[04-Jun-2026 16:16:24 Europe/Berlin] Authenticated user: {"iat":1780581366,"exp":1812117366,"sub":1,"email":"admin@alcaldia.gob","role_id":1,"role":"Admin"}
[04-Jun-2026 10:16:24 America/Caracas] Database connection established successfully
[04-Jun-2026 16:16:24 Europe/Berlin] Authenticated user: {"iat":1780581366,"exp":1812117366,"sub":1,"email":"admin@alcaldia.gob","role_id":1,"role":"Admin"}
[04-Jun-2026 10:16:24 America/Caracas] Database connection established successfully
[04-Jun-2026 16:17:00 Europe/Berlin] Authenticated user: {"iat":1780581366,"exp":1812117366,"sub":1,"email":"admin@alcaldia.gob","role_id":1,"role":"Admin"}
[04-Jun-2026 10:17:00 America/Caracas] Database connection established successfully
[04-Jun-2026 16:17:00 Europe/Berlin] Authenticated user: {"iat":1780581366,"exp":1812117366,"sub":1,"email":"admin@alcaldia.gob","role_id":1,"role":"Admin"}
[04-Jun-2026 10:17:00 America/Caracas] Database connection established successfully
[04-Jun-2026 16:28:07 Europe/Berlin] Authenticated user: {"iat":1780581366,"exp":1812117366,"sub":1,"email":"admin@alcaldia.gob","role_id":1,"role":"Admin"}
[04-Jun-2026 10:28:07 America/Caracas] Database connection established successfully
[04-Jun-2026 16:28:07 Europe/Berlin] Authenticated user: {"iat":1780581366,"exp":1812117366,"sub":1,"email":"admin@alcaldia.gob","role_id":1,"role":"Admin"}
[04-Jun-2026 10:28:07 America/Caracas] Database connection established successfully
[04-Jun-2026 16:28:08 Europe/Berlin] Authenticated user: {"iat":1780581366,"exp":1812117366,"sub":1,"email":"admin@alcaldia.gob","role_id":1,"role":"Admin"}
[04-Jun-2026 10:28:08 America/Caracas] Database connection established successfully
[04-Jun-2026 16:28:08 Europe/Berlin] Authenticated user: {"iat":1780581366,"exp":1812117366,"sub":1,"email":"admin@alcaldia.gob","role_id":1,"role":"Admin"}
[04-Jun-2026 10:28:08 America/Caracas] Database connection established successfully
[04-Jun-2026 16:29:54 Europe/Berlin] Authenticated user: {"iat":1780581366,"exp":1812117366,"sub":1,"email":"admin@alcaldia.gob","role_id":1,"role":"Admin"}
[04-Jun-2026 10:29:54 America/Caracas] Database connection established successfully
[04-Jun-2026 16:29:54 Europe/Berlin] Authenticated user: {"iat":1780581366,"exp":1812117366,"sub":1,"email":"admin@alcaldia.gob","role_id":1,"role":"Admin"}
[04-Jun-2026 10:29:54 America/Caracas] Database connection established successfully
[04-Jun-2026 16:29:56 Europe/Berlin] Authenticated user: {"iat":1780581366,"exp":1812117366,"sub":1,"email":"admin@alcaldia.gob","role_id":1,"role":"Admin"}
[04-Jun-2026 10:29:56 America/Caracas] Database connection established successfully
[04-Jun-2026 16:29:56 Europe/Berlin] Authenticated user: {"iat":1780581366,"exp":1812117366,"sub":1,"email":"admin@alcaldia.gob","role_id":1,"role":"Admin"}
[04-Jun-2026 10:29:56 America/Caracas] Database connection established successfully
[04-Jun-2026 16:30:15 Europe/Berlin] Authenticated user: {"iat":1780581366,"exp":1812117366,"sub":1,"email":"admin@alcaldia.gob","role_id":1,"role":"Admin"}
[04-Jun-2026 10:30:15 America/Caracas] Database connection established successfully
[04-Jun-2026 16:30:15 Europe/Berlin] Authenticated user: {"iat":1780581366,"exp":1812117366,"sub":1,"email":"admin@alcaldia.gob","role_id":1,"role":"Admin"}
[04-Jun-2026 10:30:15 America/Caracas] Database connection established successfully
[04-Jun-2026 16:30:16 Europe/Berlin] Authenticated user: {"iat":1780581366,"exp":1812117366,"sub":1,"email":"admin@alcaldia.gob","role_id":1,"role":"Admin"}
[04-Jun-2026 10:30:16 America/Caracas] Database connection established successfully
[04-Jun-2026 16:30:16 Europe/Berlin] Authenticated user: {"iat":1780581366,"exp":1812117366,"sub":1,"email":"admin@alcaldia.gob","role_id":1,"role":"Admin"}
[04-Jun-2026 10:30:16 America/Caracas] Database connection established successfully
[04-Jun-2026 16:30:33 Europe/Berlin] Authenticated user: {"iat":1780581366,"exp":1812117366,"sub":1,"email":"admin@alcaldia.gob","role_id":1,"role":"Admin"}
[04-Jun-2026 10:30:33 America/Caracas] Database connection established successfully
[04-Jun-2026 16:30:33 Europe/Berlin] Authenticated user: {"iat":1780581366,"exp":1812117366,"sub":1,"email":"admin@alcaldia.gob","role_id":1,"role":"Admin"}
[04-Jun-2026 10:30:33 America/Caracas] Database connection established successfully
[04-Jun-2026 16:30:35 Europe/Berlin] Authenticated user: {"iat":1780581366,"exp":1812117366,"sub":1,"email":"admin@alcaldia.gob","role_id":1,"role":"Admin"}
[04-Jun-2026 10:30:35 America/Caracas] Database connection established successfully
[04-Jun-2026 16:30:35 Europe/Berlin] Authenticated user: {"iat":1780581366,"exp":1812117366,"sub":1,"email":"admin@alcaldia.gob","role_id":1,"role":"Admin"}
[04-Jun-2026 10:30:35 America/Caracas] Database connection established successfully
[04-Jun-2026 16:30:36 Europe/Berlin] Authenticated user: {"iat":1780581366,"exp":1812117366,"sub":1,"email":"admin@alcaldia.gob","role_id":1,"role":"Admin"}
[04-Jun-2026 10:30:36 America/Caracas] Database connection established successfully
[04-Jun-2026 16:30:36 Europe/Berlin] Authenticated user: {"iat":1780581366,"exp":1812117366,"sub":1,"email":"admin@alcaldia.gob","role_id":1,"role":"Admin"}
[04-Jun-2026 10:30:36 America/Caracas] Database connection established successfully
[04-Jun-2026 16:30:38 Europe/Berlin] Authenticated user: {"iat":1780581366,"exp":1812117366,"sub":1,"email":"admin@alcaldia.gob","role_id":1,"role":"Admin"}
[04-Jun-2026 10:30:38 America/Caracas] Database connection established successfully
[04-Jun-2026 16:30:38 Europe/Berlin] Authenticated user: {"iat":1780581366,"exp":1812117366,"sub":1,"email":"admin@alcaldia.gob","role_id":1,"role":"Admin"}
[04-Jun-2026 10:30:38 America/Caracas] Database connection established successfully
[04-Jun-2026 16:30:41 Europe/Berlin] Authenticated user: {"iat":1780581366,"exp":1812117366,"sub":1,"email":"admin@alcaldia.gob","role_id":1,"role":"Admin"}
[04-Jun-2026 10:30:41 America/Caracas] Database connection established successfully
[04-Jun-2026 16:30:41 Europe/Berlin] Authenticated user: {"iat":1780581366,"exp":1812117366,"sub":1,"email":"admin@alcaldia.gob","role_id":1,"role":"Admin"}
[04-Jun-2026 10:30:41 America/Caracas] Database connection established successfully
[04-Jun-2026 16:30:42 Europe/Berlin] Authenticated user: {"iat":1780581366,"exp":1812117366,"sub":1,"email":"admin@alcaldia.gob","role_id":1,"role":"Admin"}
[04-Jun-2026 10:30:42 America/Caracas] Database connection established successfully
[04-Jun-2026 16:30:42 Europe/Berlin] Authenticated user: {"iat":1780581366,"exp":1812117366,"sub":1,"email":"admin@alcaldia.gob","role_id":1,"role":"Admin"}
[04-Jun-2026 10:30:42 America/Caracas] Database connection established successfully
[04-Jun-2026 16:30:46 Europe/Berlin] Authenticated user: {"iat":1780581366,"exp":1812117366,"sub":1,"email":"admin@alcaldia.gob","role_id":1,"role":"Admin"}
[04-Jun-2026 10:30:46 America/Caracas] Database connection established successfully
[04-Jun-2026 16:30:46 Europe/Berlin] Authenticated user: {"iat":1780581366,"exp":1812117366,"sub":1,"email":"admin@alcaldia.gob","role_id":1,"role":"Admin"}
[04-Jun-2026 10:30:46 America/Caracas] Database connection established successfully
[04-Jun-2026 16:31:01 Europe/Berlin] Authenticated user: {"iat":1780581366,"exp":1812117366,"sub":1,"email":"admin@alcaldia.gob","role_id":1,"role":"Admin"}
[04-Jun-2026 10:31:01 America/Caracas] Database connection established successfully
[04-Jun-2026 16:31:01 Europe/Berlin] Authenticated user: {"iat":1780581366,"exp":1812117366,"sub":1,"email":"admin@alcaldia.gob","role_id":1,"role":"Admin"}
[04-Jun-2026 10:31:01 America/Caracas] Database connection established successfully
[04-Jun-2026 16:31:14 Europe/Berlin] Authenticated user: {"iat":1780581366,"exp":1812117366,"sub":1,"email":"admin@alcaldia.gob","role_id":1,"role":"Admin"}
[04-Jun-2026 10:31:14 America/Caracas] Database connection established successfully
[04-Jun-2026 16:31:14 Europe/Berlin] Authenticated user: {"iat":1780581366,"exp":1812117366,"sub":1,"email":"admin@alcaldia.gob","role_id":1,"role":"Admin"}
[04-Jun-2026 10:31:14 America/Caracas] Database connection established successfully
[04-Jun-2026 16:31:15 Europe/Berlin] Authenticated user: {"iat":1780581366,"exp":1812117366,"sub":1,"email":"admin@alcaldia.gob","role_id":1,"role":"Admin"}
[04-Jun-2026 10:31:15 America/Caracas] Database connection established successfully
[04-Jun-2026 16:31:15 Europe/Berlin] Authenticated user: {"iat":1780581366,"exp":1812117366,"sub":1,"email":"admin@alcaldia.gob","role_id":1,"role":"Admin"}
[04-Jun-2026 10:31:15 America/Caracas] Database connection established successfully
[04-Jun-2026 16:31:19 Europe/Berlin] Authenticated user: {"iat":1780581366,"exp":1812117366,"sub":1,"email":"admin@alcaldia.gob","role_id":1,"role":"Admin"}
[04-Jun-2026 10:31:19 America/Caracas] Database connection established successfully
[04-Jun-2026 16:31:19 Europe/Berlin] Authenticated user: {"iat":1780581366,"exp":1812117366,"sub":1,"email":"admin@alcaldia.gob","role_id":1,"role":"Admin"}
[04-Jun-2026 10:31:19 America/Caracas] Database connection established successfully
[04-Jun-2026 16:31:30 Europe/Berlin] Authenticated user: {"iat":1780581366,"exp":1812117366,"sub":1,"email":"admin@alcaldia.gob","role_id":1,"role":"Admin"}
[04-Jun-2026 10:31:30 America/Caracas] Database connection established successfully
[04-Jun-2026 16:31:30 Europe/Berlin] Authenticated user: {"iat":1780581366,"exp":1812117366,"sub":1,"email":"admin@alcaldia.gob","role_id":1,"role":"Admin"}
[04-Jun-2026 10:31:30 America/Caracas] Database connection established successfully
[04-Jun-2026 16:31:31 Europe/Berlin] Authenticated user: {"iat":1780581366,"exp":1812117366,"sub":1,"email":"admin@alcaldia.gob","role_id":1,"role":"Admin"}
[04-Jun-2026 10:31:31 America/Caracas] Database connection established successfully
[04-Jun-2026 16:31:31 Europe/Berlin] Authenticated user: {"iat":1780581366,"exp":1812117366,"sub":1,"email":"admin@alcaldia.gob","role_id":1,"role":"Admin"}
[04-Jun-2026 10:31:31 America/Caracas] Database connection established successfully
[04-Jun-2026 16:31:59 Europe/Berlin] Authenticated user: {"iat":1780581366,"exp":1812117366,"sub":1,"email":"admin@alcaldia.gob","role_id":1,"role":"Admin"}
[04-Jun-2026 10:31:59 America/Caracas] Database connection established successfully
[04-Jun-2026 16:31:59 Europe/Berlin] Authenticated user: {"iat":1780581366,"exp":1812117366,"sub":1,"email":"admin@alcaldia.gob","role_id":1,"role":"Admin"}
[04-Jun-2026 10:31:59 America/Caracas] Database connection established successfully
[04-Jun-2026 17:03:41 Europe/Berlin] Authenticated user: {"iat":1780581366,"exp":1812117366,"sub":1,"email":"admin@alcaldia.gob","role_id":1,"role":"Admin"}
[04-Jun-2026 11:03:41 America/Caracas] Database connection established successfully
[04-Jun-2026 17:03:41 Europe/Berlin] Authenticated user: {"iat":1780581366,"exp":1812117366,"sub":1,"email":"admin@alcaldia.gob","role_id":1,"role":"Admin"}
[04-Jun-2026 11:03:41 America/Caracas] Database connection established successfully
[04-Jun-2026 17:03:41 Europe/Berlin] Authenticated user: {"iat":1780581366,"exp":1812117366,"sub":1,"email":"admin@alcaldia.gob","role_id":1,"role":"Admin"}
[04-Jun-2026 11:03:41 America/Caracas] Database connection established successfully
[04-Jun-2026 17:03:41 Europe/Berlin] Authenticated user: {"iat":1780581366,"exp":1812117366,"sub":1,"email":"admin@alcaldia.gob","role_id":1,"role":"Admin"}
[04-Jun-2026 11:03:41 America/Caracas] Database connection established successfully
[04-Jun-2026 17:04:02 Europe/Berlin] Authenticated user: {"iat":1780585442,"exp":1812121442,"sub":1,"email":"admin@alcaldia.gob","role_id":1,"role":"Admin"}
[04-Jun-2026 11:04:02 America/Caracas] Database connection established successfully
[04-Jun-2026 17:04:02 Europe/Berlin] Authenticated user: {"iat":1780585442,"exp":1812121442,"sub":1,"email":"admin@alcaldia.gob","role_id":1,"role":"Admin"}
[04-Jun-2026 11:04:02 America/Caracas] Database connection established successfully
[04-Jun-2026 17:04:02 Europe/Berlin] Authenticated user: {"iat":1780585442,"exp":1812121442,"sub":1,"email":"admin@alcaldia.gob","role_id":1,"role":"Admin"}
[04-Jun-2026 11:04:02 America/Caracas] Database connection established successfully
[04-Jun-2026 17:04:02 Europe/Berlin] Authenticated user: {"iat":1780585442,"exp":1812121442,"sub":1,"email":"admin@alcaldia.gob","role_id":1,"role":"Admin"}
[04-Jun-2026 11:04:02 America/Caracas] Database connection established successfully
[04-Jun-2026 17:04:32 Europe/Berlin] Authenticated user: {"iat":1780585442,"exp":1812121442,"sub":1,"email":"admin@alcaldia.gob","role_id":1,"role":"Admin"}
[04-Jun-2026 11:04:32 America/Caracas] Database connection established successfully
[04-Jun-2026 17:04:32 Europe/Berlin] Authenticated user: {"iat":1780585442,"exp":1812121442,"sub":1,"email":"admin@alcaldia.gob","role_id":1,"role":"Admin"}
[04-Jun-2026 11:04:32 America/Caracas] Database connection established successfully
[04-Jun-2026 17:04:36 Europe/Berlin] Authenticated user: {"iat":1780585442,"exp":1812121442,"sub":1,"email":"admin@alcaldia.gob","role_id":1,"role":"Admin"}
[04-Jun-2026 11:04:36 America/Caracas] Database connection established successfully
[04-Jun-2026 17:04:36 Europe/Berlin] Authenticated user: {"iat":1780585442,"exp":1812121442,"sub":1,"email":"admin@alcaldia.gob","role_id":1,"role":"Admin"}
[04-Jun-2026 11:04:36 America/Caracas] Database connection established successfully
[04-Jun-2026 17:04:44 Europe/Berlin] Authenticated user: {"iat":1780585442,"exp":1812121442,"sub":1,"email":"admin@alcaldia.gob","role_id":1,"role":"Admin"}
[04-Jun-2026 11:04:44 America/Caracas] Database connection established successfully
[04-Jun-2026 17:04:44 Europe/Berlin] Authenticated user: {"iat":1780585442,"exp":1812121442,"sub":1,"email":"admin@alcaldia.gob","role_id":1,"role":"Admin"}
[04-Jun-2026 11:04:44 America/Caracas] Database connection established successfully
[04-Jun-2026 19:34:24 Europe/Berlin] Authenticated user: {"iat":1780585442,"exp":1812121442,"sub":1,"email":"admin@alcaldia.gob","role_id":1,"role":"Admin"}
[04-Jun-2026 13:34:24 America/Caracas] Database connection established successfully
[04-Jun-2026 19:34:24 Europe/Berlin] Authenticated user: {"iat":1780585442,"exp":1812121442,"sub":1,"email":"admin@alcaldia.gob","role_id":1,"role":"Admin"}
[04-Jun-2026 13:34:24 America/Caracas] Database connection established successfully
[04-Jun-2026 19:34:24 Europe/Berlin] Authenticated user: {"iat":1780585442,"exp":1812121442,"sub":1,"email":"admin@alcaldia.gob","role_id":1,"role":"Admin"}
[04-Jun-2026 13:34:24 America/Caracas] Database connection established successfully
[04-Jun-2026 19:34:24 Europe/Berlin] Authenticated user: {"iat":1780585442,"exp":1812121442,"sub":1,"email":"admin@alcaldia.gob","role_id":1,"role":"Admin"}
[04-Jun-2026 13:34:24 America/Caracas] Database connection established successfully
[04-Jun-2026 19:36:39 Europe/Berlin] Authenticated user: {"iat":1780585442,"exp":1812121442,"sub":1,"email":"admin@alcaldia.gob","role_id":1,"role":"Admin"}
[04-Jun-2026 13:36:39 America/Caracas] Database connection established successfully
[04-Jun-2026 19:36:39 Europe/Berlin] Authenticated user: {"iat":1780585442,"exp":1812121442,"sub":1,"email":"admin@alcaldia.gob","role_id":1,"role":"Admin"}
[04-Jun-2026 13:36:39 America/Caracas] Database connection established successfully
[04-Jun-2026 19:36:55 Europe/Berlin] Authenticated user: {"iat":1780585442,"exp":1812121442,"sub":1,"email":"admin@alcaldia.gob","role_id":1,"role":"Admin"}
[04-Jun-2026 13:36:55 America/Caracas] Database connection established successfully
[04-Jun-2026 19:36:56 Europe/Berlin] Authenticated user: {"iat":1780585442,"exp":1812121442,"sub":1,"email":"admin@alcaldia.gob","role_id":1,"role":"Admin"}
[04-Jun-2026 13:36:56 America/Caracas] Database connection established successfully
[04-Jun-2026 19:37:13 Europe/Berlin] Authenticated user: {"iat":1780585442,"exp":1812121442,"sub":1,"email":"admin@alcaldia.gob","role_id":1,"role":"Admin"}
[04-Jun-2026 13:37:13 America/Caracas] Database connection established successfully
[04-Jun-2026 19:37:13 Europe/Berlin] Authenticated user: {"iat":1780585442,"exp":1812121442,"sub":1,"email":"admin@alcaldia.gob","role_id":1,"role":"Admin"}
[04-Jun-2026 13:37:13 America/Caracas] Database connection established successfully
[04-Jun-2026 19:37:15 Europe/Berlin] Authenticated user: {"iat":1780585442,"exp":1812121442,"sub":1,"email":"admin@alcaldia.gob","role_id":1,"role":"Admin"}
[04-Jun-2026 13:37:15 America/Caracas] Database connection established successfully
[04-Jun-2026 19:37:15 Europe/Berlin] Authenticated user: {"iat":1780585442,"exp":1812121442,"sub":1,"email":"admin@alcaldia.gob","role_id":1,"role":"Admin"}
[04-Jun-2026 13:37:15 America/Caracas] Database connection established successfully
[04-Jun-2026 19:38:23 Europe/Berlin] Authenticated user: {"iat":1780585442,"exp":1812121442,"sub":1,"email":"admin@alcaldia.gob","role_id":1,"role":"Admin"}
[04-Jun-2026 13:38:23 America/Caracas] Database connection established successfully
[04-Jun-2026 19:38:23 Europe/Berlin] Authenticated user: {"iat":1780585442,"exp":1812121442,"sub":1,"email":"admin@alcaldia.gob","role_id":1,"role":"Admin"}
[04-Jun-2026 13:38:23 America/Caracas] Database connection established successfully
[04-Jun-2026 19:38:25 Europe/Berlin] Authenticated user: {"iat":1780585442,"exp":1812121442,"sub":1,"email":"admin@alcaldia.gob","role_id":1,"role":"Admin"}
[04-Jun-2026 13:38:25 America/Caracas] Database connection established successfully
[04-Jun-2026 19:38:25 Europe/Berlin] Authenticated user: {"iat":1780585442,"exp":1812121442,"sub":1,"email":"admin@alcaldia.gob","role_id":1,"role":"Admin"}
[04-Jun-2026 13:38:25 America/Caracas] Database connection established successfully
[04-Jun-2026 19:38:54 Europe/Berlin] Authenticated user: {"iat":1780585442,"exp":1812121442,"sub":1,"email":"admin@alcaldia.gob","role_id":1,"role":"Admin"}
[04-Jun-2026 13:38:54 America/Caracas] Database connection established successfully
[04-Jun-2026 19:38:55 Europe/Berlin] Authenticated user: {"iat":1780585442,"exp":1812121442,"sub":1,"email":"admin@alcaldia.gob","role_id":1,"role":"Admin"}
[04-Jun-2026 13:38:55 America/Caracas] Database connection established successfully
[04-Jun-2026 19:40:00 Europe/Berlin] Authenticated user: {"iat":1780585442,"exp":1812121442,"sub":1,"email":"admin@alcaldia.gob","role_id":1,"role":"Admin"}
[04-Jun-2026 13:40:00 America/Caracas] Database connection established successfully
[04-Jun-2026 19:40:00 Europe/Berlin] Authenticated user: {"iat":1780585442,"exp":1812121442,"sub":1,"email":"admin@alcaldia.gob","role_id":1,"role":"Admin"}
[04-Jun-2026 13:40:00 America/Caracas] Database connection established successfully
[04-Jun-2026 19:40:01 Europe/Berlin] Authenticated user: {"iat":1780585442,"exp":1812121442,"sub":1,"email":"admin@alcaldia.gob","role_id":1,"role":"Admin"}
[04-Jun-2026 13:40:01 America/Caracas] Database connection established successfully
[04-Jun-2026 19:40:01 Europe/Berlin] Authenticated user: {"iat":1780585442,"exp":1812121442,"sub":1,"email":"admin@alcaldia.gob","role_id":1,"role":"Admin"}
[04-Jun-2026 13:40:01 America/Caracas] Database connection established successfully
[05-Jun-2026 15:27:44 Europe/Berlin] Authenticated user: {"iat":1780585442,"exp":1812121442,"sub":1,"email":"admin@alcaldia.gob","role_id":1,"role":"Admin"}
[05-Jun-2026 09:27:44 America/Caracas] Database connection established successfully
[05-Jun-2026 15:27:44 Europe/Berlin] Authenticated user: {"iat":1780585442,"exp":1812121442,"sub":1,"email":"admin@alcaldia.gob","role_id":1,"role":"Admin"}
[05-Jun-2026 09:27:44 America/Caracas] Database connection established successfully
[05-Jun-2026 15:27:44 Europe/Berlin] Authenticated user: {"iat":1780585442,"exp":1812121442,"sub":1,"email":"admin@alcaldia.gob","role_id":1,"role":"Admin"}
[05-Jun-2026 09:27:44 America/Caracas] Database connection established successfully
[05-Jun-2026 15:27:44 Europe/Berlin] Authenticated user: {"iat":1780585442,"exp":1812121442,"sub":1,"email":"admin@alcaldia.gob","role_id":1,"role":"Admin"}
[05-Jun-2026 09:27:44 America/Caracas] Database connection established successfully
[05-Jun-2026 15:27:51 Europe/Berlin] Authenticated user: {"iat":1780585442,"exp":1812121442,"sub":1,"email":"admin@alcaldia.gob","role_id":1,"role":"Admin"}
[05-Jun-2026 09:27:51 America/Caracas] Database connection established successfully
[05-Jun-2026 15:27:51 Europe/Berlin] Authenticated user: {"iat":1780585442,"exp":1812121442,"sub":1,"email":"admin@alcaldia.gob","role_id":1,"role":"Admin"}
[05-Jun-2026 09:27:51 America/Caracas] Database connection established successfully
[05-Jun-2026 15:27:55 Europe/Berlin] Authenticated user: {"iat":1780585442,"exp":1812121442,"sub":1,"email":"admin@alcaldia.gob","role_id":1,"role":"Admin"}
[05-Jun-2026 09:27:55 America/Caracas] Database connection established successfully
[05-Jun-2026 15:27:55 Europe/Berlin] Authenticated user: {"iat":1780585442,"exp":1812121442,"sub":1,"email":"admin@alcaldia.gob","role_id":1,"role":"Admin"}
[05-Jun-2026 09:27:55 America/Caracas] Database connection established successfully
[05-Jun-2026 15:27:57 Europe/Berlin] Authenticated user: {"iat":1780585442,"exp":1812121442,"sub":1,"email":"admin@alcaldia.gob","role_id":1,"role":"Admin"}
[05-Jun-2026 09:27:57 America/Caracas] Database connection established successfully
[05-Jun-2026 15:27:57 Europe/Berlin] Authenticated user: {"iat":1780585442,"exp":1812121442,"sub":1,"email":"admin@alcaldia.gob","role_id":1,"role":"Admin"}
[05-Jun-2026 09:27:57 America/Caracas] Database connection established successfully
[05-Jun-2026 15:27:59 Europe/Berlin] Authenticated user: {"iat":1780585442,"exp":1812121442,"sub":1,"email":"admin@alcaldia.gob","role_id":1,"role":"Admin"}
[05-Jun-2026 09:27:59 America/Caracas] Database connection established successfully
[05-Jun-2026 15:27:59 Europe/Berlin] Authenticated user: {"iat":1780585442,"exp":1812121442,"sub":1,"email":"admin@alcaldia.gob","role_id":1,"role":"Admin"}
[05-Jun-2026 09:27:59 America/Caracas] Database connection established successfully
[05-Jun-2026 15:28:01 Europe/Berlin] Authenticated user: {"iat":1780585442,"exp":1812121442,"sub":1,"email":"admin@alcaldia.gob","role_id":1,"role":"Admin"}
[05-Jun-2026 09:28:01 America/Caracas] Database connection established successfully
[05-Jun-2026 15:28:01 Europe/Berlin] Authenticated user: {"iat":1780585442,"exp":1812121442,"sub":1,"email":"admin@alcaldia.gob","role_id":1,"role":"Admin"}
[05-Jun-2026 09:28:01 America/Caracas] Database connection established successfully
[05-Jun-2026 15:28:03 Europe/Berlin] Authenticated user: {"iat":1780585442,"exp":1812121442,"sub":1,"email":"admin@alcaldia.gob","role_id":1,"role":"Admin"}
[05-Jun-2026 09:28:03 America/Caracas] Database connection established successfully
[05-Jun-2026 15:28:03 Europe/Berlin] Authenticated user: {"iat":1780585442,"exp":1812121442,"sub":1,"email":"admin@alcaldia.gob","role_id":1,"role":"Admin"}
[05-Jun-2026 09:28:03 America/Caracas] Database connection established successfully
[05-Jun-2026 15:56:39 Europe/Berlin] Authenticated user: {"iat":1780667798,"exp":1812203798,"sub":1,"email":"admin@alcaldia.gob","role_id":1,"role":"Admin"}
[05-Jun-2026 09:56:39 America/Caracas] Database connection established successfully
[05-Jun-2026 15:56:42 Europe/Berlin] Authenticated user: {"iat":1780667798,"exp":1812203798,"sub":1,"email":"admin@alcaldia.gob","role_id":1,"role":"Admin"}
[05-Jun-2026 09:56:42 America/Caracas] Database connection established successfully
[05-Jun-2026 15:56:42 Europe/Berlin] Authenticated user: {"iat":1780667798,"exp":1812203798,"sub":1,"email":"admin@alcaldia.gob","role_id":1,"role":"Admin"}
[05-Jun-2026 09:56:42 America/Caracas] Database connection established successfully
[05-Jun-2026 15:56:42 Europe/Berlin] Authenticated user: {"iat":1780667798,"exp":1812203798,"sub":1,"email":"admin@alcaldia.gob","role_id":1,"role":"Admin"}
[05-Jun-2026 09:56:42 America/Caracas] Database connection established successfully
[05-Jun-2026 15:56:48 Europe/Berlin] Authenticated user: {"iat":1780667798,"exp":1812203798,"sub":1,"email":"admin@alcaldia.gob","role_id":1,"role":"Admin"}
[05-Jun-2026 09:56:48 America/Caracas] Database connection established successfully
[05-Jun-2026 15:56:49 Europe/Berlin] Authenticated user: {"iat":1780667798,"exp":1812203798,"sub":1,"email":"admin@alcaldia.gob","role_id":1,"role":"Admin"}
[05-Jun-2026 09:56:49 America/Caracas] Database connection established successfully
[05-Jun-2026 15:56:58 Europe/Berlin] Authenticated user: {"iat":1780667798,"exp":1812203798,"sub":1,"email":"admin@alcaldia.gob","role_id":1,"role":"Admin"}
[05-Jun-2026 09:56:58 America/Caracas] Database connection established successfully
[05-Jun-2026 15:56:58 Europe/Berlin] Authenticated user: {"iat":1780667798,"exp":1812203798,"sub":1,"email":"admin@alcaldia.gob","role_id":1,"role":"Admin"}
[05-Jun-2026 09:56:58 America/Caracas] Database connection established successfully
[05-Jun-2026 15:57:03 Europe/Berlin] Authenticated user: {"iat":1780667798,"exp":1812203798,"sub":1,"email":"admin@alcaldia.gob","role_id":1,"role":"Admin"}
[05-Jun-2026 09:57:03 America/Caracas] Database connection established successfully
[05-Jun-2026 15:57:03 Europe/Berlin] Authenticated user: {"iat":1780667798,"exp":1812203798,"sub":1,"email":"admin@alcaldia.gob","role_id":1,"role":"Admin"}
[05-Jun-2026 09:57:03 America/Caracas] Database connection established successfully
[05-Jun-2026 15:57:05 Europe/Berlin] Authenticated user: {"iat":1780667798,"exp":1812203798,"sub":1,"email":"admin@alcaldia.gob","role_id":1,"role":"Admin"}
[05-Jun-2026 09:57:05 America/Caracas] Database connection established successfully
[05-Jun-2026 15:57:05 Europe/Berlin] Authenticated user: {"iat":1780667798,"exp":1812203798,"sub":1,"email":"admin@alcaldia.gob","role_id":1,"role":"Admin"}
[05-Jun-2026 09:57:05 America/Caracas] Database connection established successfully
[05-Jun-2026 16:01:20 Europe/Berlin] Authenticated user: {"iat":1780667798,"exp":1812203798,"sub":1,"email":"admin@alcaldia.gob","role_id":1,"role":"Admin"}
[05-Jun-2026 10:01:20 America/Caracas] Database connection established successfully
[05-Jun-2026 16:01:20 Europe/Berlin] Authenticated user: {"iat":1780667798,"exp":1812203798,"sub":1,"email":"admin@alcaldia.gob","role_id":1,"role":"Admin"}
[05-Jun-2026 10:01:20 America/Caracas] Database connection established successfully
[05-Jun-2026 16:01:23 Europe/Berlin] Authenticated user: {"iat":1780667798,"exp":1812203798,"sub":1,"email":"admin@alcaldia.gob","role_id":1,"role":"Admin"}
[05-Jun-2026 10:01:23 America/Caracas] Database connection established successfully
[05-Jun-2026 16:01:23 Europe/Berlin] Authenticated user: {"iat":1780667798,"exp":1812203798,"sub":1,"email":"admin@alcaldia.gob","role_id":1,"role":"Admin"}
[05-Jun-2026 10:01:23 America/Caracas] Database connection established successfully
[05-Jun-2026 16:04:18 Europe/Berlin] Authenticated user: {"iat":1780668257,"exp":1812204257,"sub":1,"email":"admin@alcaldia.gob","role_id":1,"role":"Admin"}
[05-Jun-2026 10:04:18 America/Caracas] Database connection established successfully
[05-Jun-2026 16:04:19 Europe/Berlin] Authenticated user: {"iat":1780668257,"exp":1812204257,"sub":1,"email":"admin@alcaldia.gob","role_id":1,"role":"Admin"}
[05-Jun-2026 10:04:19 America/Caracas] Database connection established successfully
[05-Jun-2026 16:04:19 Europe/Berlin] Authenticated user: {"iat":1780668257,"exp":1812204257,"sub":1,"email":"admin@alcaldia.gob","role_id":1,"role":"Admin"}
[05-Jun-2026 10:04:19 America/Caracas] Database connection established successfully
[05-Jun-2026 16:04:19 Europe/Berlin] Authenticated user: {"iat":1780668257,"exp":1812204257,"sub":1,"email":"admin@alcaldia.gob","role_id":1,"role":"Admin"}
[05-Jun-2026 10:04:19 America/Caracas] Database connection established successfully
[05-Jun-2026 16:04:38 Europe/Berlin] Authenticated user: {"iat":1780668257,"exp":1812204257,"sub":1,"email":"admin@alcaldia.gob","role_id":1,"role":"Admin"}
[05-Jun-2026 10:04:38 America/Caracas] Database connection established successfully
[05-Jun-2026 16:04:38 Europe/Berlin] Authenticated user: {"iat":1780668257,"exp":1812204257,"sub":1,"email":"admin@alcaldia.gob","role_id":1,"role":"Admin"}
[05-Jun-2026 10:04:38 America/Caracas] Database connection established successfully
[05-Jun-2026 16:18:14 Europe/Berlin] Authenticated user: {"iat":1780668257,"exp":1812204257,"sub":1,"email":"admin@alcaldia.gob","role_id":1,"role":"Admin"}
[05-Jun-2026 10:18:14 America/Caracas] Database connection established successfully
[05-Jun-2026 16:18:14 Europe/Berlin] Authenticated user: {"iat":1780668257,"exp":1812204257,"sub":1,"email":"admin@alcaldia.gob","role_id":1,"role":"Admin"}
[05-Jun-2026 10:18:14 America/Caracas] Database connection established successfully
[05-Jun-2026 16:29:14 Europe/Berlin] Authenticated user: {"iat":1780668257,"exp":1812204257,"sub":1,"email":"admin@alcaldia.gob","role_id":1,"role":"Admin"}
[05-Jun-2026 10:29:14 America/Caracas] Database connection established successfully
[05-Jun-2026 16:29:14 Europe/Berlin] Authenticated user: {"iat":1780668257,"exp":1812204257,"sub":1,"email":"admin@alcaldia.gob","role_id":1,"role":"Admin"}
[05-Jun-2026 10:29:14 America/Caracas] Database connection established successfully
[05-Jun-2026 16:29:14 Europe/Berlin] Authenticated user: {"iat":1780668257,"exp":1812204257,"sub":1,"email":"admin@alcaldia.gob","role_id":1,"role":"Admin"}
[05-Jun-2026 10:29:14 America/Caracas] Database connection established successfully
[05-Jun-2026 16:29:14 Europe/Berlin] Authenticated user: {"iat":1780668257,"exp":1812204257,"sub":1,"email":"admin@alcaldia.gob","role_id":1,"role":"Admin"}
[05-Jun-2026 10:29:14 America/Caracas] Database connection established successfully
[05-Jun-2026 16:29:20 Europe/Berlin] Authenticated user: {"iat":1780668257,"exp":1812204257,"sub":1,"email":"admin@alcaldia.gob","role_id":1,"role":"Admin"}
[05-Jun-2026 10:29:20 America/Caracas] Database connection established successfully
[05-Jun-2026 16:29:20 Europe/Berlin] Authenticated user: {"iat":1780668257,"exp":1812204257,"sub":1,"email":"admin@alcaldia.gob","role_id":1,"role":"Admin"}
[05-Jun-2026 10:29:20 America/Caracas] Database connection established successfully
[05-Jun-2026 16:29:21 Europe/Berlin] Authenticated user: {"iat":1780668257,"exp":1812204257,"sub":1,"email":"admin@alcaldia.gob","role_id":1,"role":"Admin"}
[05-Jun-2026 10:29:21 America/Caracas] Database connection established successfully
[05-Jun-2026 16:29:21 Europe/Berlin] Authenticated user: {"iat":1780668257,"exp":1812204257,"sub":1,"email":"admin@alcaldia.gob","role_id":1,"role":"Admin"}
[05-Jun-2026 10:29:21 America/Caracas] Database connection established successfully
[05-Jun-2026 16:29:22 Europe/Berlin] Authenticated user: {"iat":1780668257,"exp":1812204257,"sub":1,"email":"admin@alcaldia.gob","role_id":1,"role":"Admin"}
[05-Jun-2026 10:29:22 America/Caracas] Database connection established successfully
[05-Jun-2026 16:29:22 Europe/Berlin] Authenticated user: {"iat":1780668257,"exp":1812204257,"sub":1,"email":"admin@alcaldia.gob","role_id":1,"role":"Admin"}
[05-Jun-2026 10:29:22 America/Caracas] Database connection established successfully
[05-Jun-2026 16:37:20 Europe/Berlin] Authenticated user: {"iat":1780670224,"exp":1812206224,"sub":1,"email":"admin@alcaldia.gob","role_id":1,"role":"Admin"}
[05-Jun-2026 10:37:20 America/Caracas] Database connection established successfully
[05-Jun-2026 16:37:21 Europe/Berlin] Authenticated user: {"iat":1780670224,"exp":1812206224,"sub":1,"email":"admin@alcaldia.gob","role_id":1,"role":"Admin"}
[05-Jun-2026 10:37:21 America/Caracas] Database connection established successfully
[05-Jun-2026 16:37:21 Europe/Berlin] Authenticated user: {"iat":1780670224,"exp":1812206224,"sub":1,"email":"admin@alcaldia.gob","role_id":1,"role":"Admin"}
[05-Jun-2026 10:37:21 America/Caracas] Database connection established successfully
[05-Jun-2026 16:37:21 Europe/Berlin] Authenticated user: {"iat":1780670224,"exp":1812206224,"sub":1,"email":"admin@alcaldia.gob","role_id":1,"role":"Admin"}
[05-Jun-2026 10:37:21 America/Caracas] Database connection established successfully
